Archive member included because of file (symbol)

E:\FAKU\Sistemas_Embebidos\WORKSPACES\CAPEAR_2\CMSISv2p00_LPC17xx\Debug\libCMSISv2p00_LPC17xx.a(system_LPC17xx.o)
                              ./src/cr_startup_lpc176x.o (SystemInit)
e:/faku/sistemas_embebidos/software/nxp/lpcxpresso_4.3.0_1023/lpcxpresso/tools/bin/../lib/gcc/arm-none-eabi/4.5.1/../../../../arm-none-eabi/lib/thumb2\libcr_c.a(__weak__main.o)
                              ./src/cr_startup_lpc176x.o (__main)
e:/faku/sistemas_embebidos/software/nxp/lpcxpresso_4.3.0_1023/lpcxpresso/tools/bin/../lib/gcc/arm-none-eabi/4.5.1/thumb2\libcr_eabihelpers.a(division.o)
                              E:\FAKU\Sistemas_Embebidos\WORKSPACES\CAPEAR_2\CMSISv2p00_LPC17xx\Debug\libCMSISv2p00_LPC17xx.a(system_LPC17xx.o) (__aeabi_uldivmod)

Allocating common symbols
Common symbol       size              file

pong_flag           0x4               ./src/capear_funciones.o
pong_enable         0x4               ./src/capear_funciones.o

Discarded input sections

 .text          0x00000000        0x0 ./src/capear_funciones.o
 .data          0x00000000        0x0 ./src/capear_funciones.o
 .bss           0x00000000        0x0 ./src/capear_funciones.o
 .text.pong     0x00000000      0x1c4 ./src/capear_funciones.o
 COMMON         0x00000000        0x8 ./src/capear_funciones.o
 .text          0x00000000        0x0 ./src/cr_startup_lpc176x.o
 .data          0x00000000        0x0 ./src/cr_startup_lpc176x.o
 .bss           0x00000000        0x0 ./src/cr_startup_lpc176x.o
 .text          0x00000000        0x0 ./src/main.o
 .data          0x00000000        0x0 ./src/main.o
 .bss           0x00000000        0x0 ./src/main.o
 .crp           0x00000000        0x4 ./src/main.o
 .text          0x00000000        0x0 E:\FAKU\Sistemas_Embebidos\WORKSPACES\CAPEAR_2\CMSISv2p00_LPC17xx\Debug\libCMSISv2p00_LPC17xx.a(system_LPC17xx.o)
 .data          0x00000000        0x0 E:\FAKU\Sistemas_Embebidos\WORKSPACES\CAPEAR_2\CMSISv2p00_LPC17xx\Debug\libCMSISv2p00_LPC17xx.a(system_LPC17xx.o)
 .bss           0x00000000        0x0 E:\FAKU\Sistemas_Embebidos\WORKSPACES\CAPEAR_2\CMSISv2p00_LPC17xx\Debug\libCMSISv2p00_LPC17xx.a(system_LPC17xx.o)
 .text.SystemCoreClockUpdate
                0x00000000       0xf0 E:\FAKU\Sistemas_Embebidos\WORKSPACES\CAPEAR_2\CMSISv2p00_LPC17xx\Debug\libCMSISv2p00_LPC17xx.a(system_LPC17xx.o)
 .data.SystemCoreClock
                0x00000000        0x4 E:\FAKU\Sistemas_Embebidos\WORKSPACES\CAPEAR_2\CMSISv2p00_LPC17xx\Debug\libCMSISv2p00_LPC17xx.a(system_LPC17xx.o)
 .text          0x00000000        0x0 e:/faku/sistemas_embebidos/software/nxp/lpcxpresso_4.3.0_1023/lpcxpresso/tools/bin/../lib/gcc/arm-none-eabi/4.5.1/../../../../arm-none-eabi/lib/thumb2\libcr_c.a(__weak__main.o)
 .data          0x00000000        0x0 e:/faku/sistemas_embebidos/software/nxp/lpcxpresso_4.3.0_1023/lpcxpresso/tools/bin/../lib/gcc/arm-none-eabi/4.5.1/../../../../arm-none-eabi/lib/thumb2\libcr_c.a(__weak__main.o)
 .bss           0x00000000        0x0 e:/faku/sistemas_embebidos/software/nxp/lpcxpresso_4.3.0_1023/lpcxpresso/tools/bin/../lib/gcc/arm-none-eabi/4.5.1/../../../../arm-none-eabi/lib/thumb2\libcr_c.a(__weak__main.o)
 .text          0x00000000        0x0 e:/faku/sistemas_embebidos/software/nxp/lpcxpresso_4.3.0_1023/lpcxpresso/tools/bin/../lib/gcc/arm-none-eabi/4.5.1/thumb2\libcr_eabihelpers.a(division.o)
 .data          0x00000000        0x0 e:/faku/sistemas_embebidos/software/nxp/lpcxpresso_4.3.0_1023/lpcxpresso/tools/bin/../lib/gcc/arm-none-eabi/4.5.1/thumb2\libcr_eabihelpers.a(division.o)
 .bss           0x00000000        0x0 e:/faku/sistemas_embebidos/software/nxp/lpcxpresso_4.3.0_1023/lpcxpresso/tools/bin/../lib/gcc/arm-none-eabi/4.5.1/thumb2\libcr_eabihelpers.a(division.o)
 .text.__aeabi_division_idiv
                0x00000000       0x10 e:/faku/sistemas_embebidos/software/nxp/lpcxpresso_4.3.0_1023/lpcxpresso/tools/bin/../lib/gcc/arm-none-eabi/4.5.1/thumb2\libcr_eabihelpers.a(division.o)
 .text.__aeabi_division_idivmod
                0x00000000       0x16 e:/faku/sistemas_embebidos/software/nxp/lpcxpresso_4.3.0_1023/lpcxpresso/tools/bin/../lib/gcc/arm-none-eabi/4.5.1/thumb2\libcr_eabihelpers.a(division.o)
 .text.__aeabi_division_uidiv
                0x00000000       0x10 e:/faku/sistemas_embebidos/software/nxp/lpcxpresso_4.3.0_1023/lpcxpresso/tools/bin/../lib/gcc/arm-none-eabi/4.5.1/thumb2\libcr_eabihelpers.a(division.o)
 .text.__aeabi_division_uidivmod
                0x00000000       0x16 e:/faku/sistemas_embebidos/software/nxp/lpcxpresso_4.3.0_1023/lpcxpresso/tools/bin/../lib/gcc/arm-none-eabi/4.5.1/thumb2\libcr_eabihelpers.a(division.o)
 .text.__aeabi_division_ldivmod
                0x00000000       0x26 e:/faku/sistemas_embebidos/software/nxp/lpcxpresso_4.3.0_1023/lpcxpresso/tools/bin/../lib/gcc/arm-none-eabi/4.5.1/thumb2\libcr_eabihelpers.a(division.o)
 .text.__aeabi_division_uldivmod
                0x00000000      0x174 e:/faku/sistemas_embebidos/software/nxp/lpcxpresso_4.3.0_1023/lpcxpresso/tools/bin/../lib/gcc/arm-none-eabi/4.5.1/thumb2\libcr_eabihelpers.a(division.o)
 .text.__aeabi_division_idiv0
                0x00000000        0x2 e:/faku/sistemas_embebidos/software/nxp/lpcxpresso_4.3.0_1023/lpcxpresso/tools/bin/../lib/gcc/arm-none-eabi/4.5.1/thumb2\libcr_eabihelpers.a(division.o)
 .text.__aeabi_division_ldiv0
                0x00000000        0x2 e:/faku/sistemas_embebidos/software/nxp/lpcxpresso_4.3.0_1023/lpcxpresso/tools/bin/../lib/gcc/arm-none-eabi/4.5.1/thumb2\libcr_eabihelpers.a(division.o)

Memory Configuration

Name             Origin             Length             Attributes
MFlash512        0x00000000         0x00080000         xr
RamLoc32         0x10000000         0x00008000         xrw
RamAHB32         0x2007c000         0x00008000         xrw
*default*        0x00000000         0xffffffff

Linker script and memory map

LOAD ./src/capear_funciones.o
LOAD ./src/cr_startup_lpc176x.o
LOAD ./src/main.o
LOAD E:\FAKU\Sistemas_Embebidos\WORKSPACES\CAPEAR_2\CMSISv2p00_LPC17xx\Debug\libCMSISv2p00_LPC17xx.a
START GROUP
LOAD e:/faku/sistemas_embebidos/software/nxp/lpcxpresso_4.3.0_1023/lpcxpresso/tools/bin/../lib/gcc/arm-none-eabi/4.5.1/../../../../arm-none-eabi/lib/thumb2\libcr_c.a
LOAD e:/faku/sistemas_embebidos/software/nxp/lpcxpresso_4.3.0_1023/lpcxpresso/tools/bin/../lib/gcc/arm-none-eabi/4.5.1/thumb2\libcr_eabihelpers.a
END GROUP
                0x00080000                __top_MFlash512 = 0x80000
                0x10008000                __top_RamLoc32 = 0x10008000
                0x20084000                __top_RamAHB32 = 0x20084000

.text           0x00000000      0x274
 FILL mask 0xff
 *(.isr_vector)
 .isr_vector    0x00000000       0xcc ./src/cr_startup_lpc176x.o
                0x00000000                g_pfnVectors
                0x000000cc                . = ALIGN (0x4)
                0x000000cc                __section_table_start = .
                0x000000cc                __data_section_table = .
                0x000000cc        0x4 LONG 0x274 LOADADDR (.data)
                0x000000d0        0x4 LONG 0x10000000 ADDR (.data)
                0x000000d4        0x4 LONG 0x0 SIZEOF (.data)
                0x000000d8        0x4 LONG 0x274 LOADADDR (.data_RAM2)
                0x000000dc        0x4 LONG 0x2007c000 ADDR (.data_RAM2)
                0x000000e0        0x4 LONG 0x0 SIZEOF (.data_RAM2)
                0x000000e4                __data_section_table_end = .
                0x000000e4                __bss_section_table = .
                0x000000e4        0x4 LONG 0x10000000 ADDR (.bss)
                0x000000e8        0x4 LONG 0x4 SIZEOF (.bss)
                0x000000ec        0x4 LONG 0x2007c000 ADDR (.bss_RAM2)
                0x000000f0        0x4 LONG 0x0 SIZEOF (.bss_RAM2)
                0x000000f4                __bss_section_table_end = .
                0x000000f4                __section_table_end = .
 *(.after_vectors*)
 .after_vectors
                0x000000f4       0x78 ./src/cr_startup_lpc176x.o
                0x000000f4                NMI_Handler
                0x000000f6                HardFault_Handler
                0x000000f8                MemManage_Handler
                0x000000fa                BusFault_Handler
                0x000000fc                UsageFault_Handler
                0x000000fe                SVC_Handler
                0x00000100                DebugMon_Handler
                0x00000102                PendSV_Handler
                0x00000104                SysTick_Handler
                0x00000106                data_init
                0x00000118                bss_init
                0x00000128                ResetISR
                0x00000168                UART1_IRQHandler
                0x00000168                EINT3_IRQHandler
                0x00000168                CANActivity_IRQHandler
                0x00000168                TIMER3_IRQHandler
                0x00000168                UART0_IRQHandler
                0x00000168                EINT2_IRQHandler
                0x00000168                I2C1_IRQHandler
                0x00000168                IntDefaultHandler
                0x00000168                PLL0_IRQHandler
                0x00000168                PWM1_IRQHandler
                0x00000168                PLL1_IRQHandler
                0x00000168                SSP0_IRQHandler
                0x00000168                I2S_IRQHandler
                0x00000168                I2C2_IRQHandler
                0x00000168                RTC_IRQHandler
                0x00000168                TIMER0_IRQHandler
                0x00000168                SPI_IRQHandler
                0x00000168                USBActivity_IRQHandler
                0x00000168                EINT1_IRQHandler
                0x00000168                TIMER1_IRQHandler
                0x00000168                UART2_IRQHandler
                0x00000168                ADC_IRQHandler
                0x00000168                SSP1_IRQHandler
                0x00000168                USB_IRQHandler
                0x00000168                BOD_IRQHandler
                0x00000168                I2C0_IRQHandler
                0x00000168                WDT_IRQHandler
                0x00000168                RIT_IRQHandler
                0x00000168                QEI_IRQHandler
                0x00000168                EINT0_IRQHandler
                0x00000168                CAN_IRQHandler
                0x00000168                DMA_IRQHandler
                0x00000168                TIMER2_IRQHandler
                0x00000168                UART3_IRQHandler
                0x00000168                MCPWM_IRQHandler
                0x00000168                ENET_IRQHandler
 *(.text*)
 .text.main     0x0000016c       0x20 ./src/main.o
                0x0000016c                main
 .text.SystemInit
                0x0000018c       0xe4 E:\FAKU\Sistemas_Embebidos\WORKSPACES\CAPEAR_2\CMSISv2p00_LPC17xx\Debug\libCMSISv2p00_LPC17xx.a(system_LPC17xx.o)
                0x0000018c                SystemInit
 .text.__weak_main
                0x00000270        0x4 e:/faku/sistemas_embebidos/software/nxp/lpcxpresso_4.3.0_1023/lpcxpresso/tools/bin/../lib/gcc/arm-none-eabi/4.5.1/../../../../arm-none-eabi/lib/thumb2\libcr_c.a(__weak__main.o)
                0x00000270                __weak_main
                0x00000270                __main
 *(.rodata .rodata.*)
                0x00000274                . = ALIGN (0x4)

.glue_7         0x00000274        0x0
 .glue_7        0x00000000        0x0 linker stubs

.glue_7t        0x00000274        0x0
 .glue_7t       0x00000000        0x0 linker stubs

.vfp11_veneer   0x00000274        0x0
 .vfp11_veneer  0x00000000        0x0 linker stubs

.v4_bx          0x00000274        0x0
 .v4_bx         0x00000000        0x0 linker stubs

.ARM.extab
 *(.ARM.extab* .gnu.linkonce.armextab.*)
                0x00000274                __exidx_start = .

.ARM.exidx
 *(.ARM.exidx* .gnu.linkonce.armexidx.*)
                0x00000274                __exidx_end = .
                0x00000274                _etext = .

.data_RAM2      0x2007c000        0x0 load address 0x00000274
 FILL mask 0xff
 *(.data.$RAM2*)
 *(.data.$RamAHB32*)
                0x2007c000                . = ALIGN (0x4)

.uninit_RESERVED
                0x10000000        0x0
 *(.bss.$RESERVED*)
                0x10000000                . = ALIGN (0x4)
                0x10000000                _end_uninit_RESERVED = .

.data           0x10000000        0x0 load address 0x00000274
 FILL mask 0xff
                0x10000000                _data = .
 *(vtable)
 *(.data*)
                0x10000000                . = ALIGN (0x4)
                0x10000000                _edata = .

.bss_RAM2       0x2007c000        0x0
 *(.bss.$RAM2*)
 *(.bss.$RamAHB32*)
                0x2007c000                . = ALIGN (0x4)

.bss            0x10000000        0x4
                0x10000000                _bss = .
 *(.bss*)
 .bss.i.2111    0x10000000        0x4 ./src/main.o
 *(COMMON)
                0x10000004                . = ALIGN (0x4)
                0x10000004                _ebss = .
                0x10000004                PROVIDE (end, .)
                0x10000004                PROVIDE (_pvHeapStart, .)
                0x10008000                PROVIDE (_vStackTop, (__top_RamLoc32 - 0x0))
OUTPUT(CAPEAR.axf elf32-littlearm)

.debug_abbrev   0x00000000      0x36f
 .debug_abbrev  0x00000000       0xea ./src/capear_funciones.o
 .debug_abbrev  0x000000ea      0x10f ./src/cr_startup_lpc176x.o
 .debug_abbrev  0x000001f9       0x93 ./src/main.o
 .debug_abbrev  0x0000028c       0xe3 E:\FAKU\Sistemas_Embebidos\WORKSPACES\CAPEAR_2\CMSISv2p00_LPC17xx\Debug\libCMSISv2p00_LPC17xx.a(system_LPC17xx.o)

.debug_info     0x00000000      0x9e5
 .debug_info    0x00000000      0x28a ./src/capear_funciones.o
 .debug_info    0x0000028a      0x2e3 ./src/cr_startup_lpc176x.o
 .debug_info    0x0000056d       0xe9 ./src/main.o
 .debug_info    0x00000656      0x38f E:\FAKU\Sistemas_Embebidos\WORKSPACES\CAPEAR_2\CMSISv2p00_LPC17xx\Debug\libCMSISv2p00_LPC17xx.a(system_LPC17xx.o)

.debug_line     0x00000000     0x138b
 .debug_line    0x00000000      0x58f ./src/capear_funciones.o
 .debug_line    0x0000058f      0x478 ./src/cr_startup_lpc176x.o
 .debug_line    0x00000a07      0x507 ./src/main.o
 .debug_line    0x00000f0e      0x47d E:\FAKU\Sistemas_Embebidos\WORKSPACES\CAPEAR_2\CMSISv2p00_LPC17xx\Debug\libCMSISv2p00_LPC17xx.a(system_LPC17xx.o)

.debug_macinfo  0x00000000    0x1b959
 .debug_macinfo
                0x00000000     0x95c2 ./src/capear_funciones.o
 .debug_macinfo
                0x000095c2     0x313f ./src/cr_startup_lpc176x.o
 .debug_macinfo
                0x0000c701     0x792d ./src/main.o
 .debug_macinfo
                0x0001402e     0x792b E:\FAKU\Sistemas_Embebidos\WORKSPACES\CAPEAR_2\CMSISv2p00_LPC17xx\Debug\libCMSISv2p00_LPC17xx.a(system_LPC17xx.o)

.debug_loc      0x00000000      0x23c
 .debug_loc     0x00000000       0x38 ./src/capear_funciones.o
 .debug_loc     0x00000038      0x1b8 ./src/cr_startup_lpc176x.o
 .debug_loc     0x000001f0       0x2c ./src/main.o
 .debug_loc     0x0000021c       0x20 E:\FAKU\Sistemas_Embebidos\WORKSPACES\CAPEAR_2\CMSISv2p00_LPC17xx\Debug\libCMSISv2p00_LPC17xx.a(system_LPC17xx.o)

.debug_pubnames
                0x00000000      0x1c5
 .debug_pubnames
                0x00000000       0x39 ./src/capear_funciones.o
 .debug_pubnames
                0x00000039      0x115 ./src/cr_startup_lpc176x.o
 .debug_pubnames
                0x0000014e       0x28 ./src/main.o
 .debug_pubnames
                0x00000176       0x4f E:\FAKU\Sistemas_Embebidos\WORKSPACES\CAPEAR_2\CMSISv2p00_LPC17xx\Debug\libCMSISv2p00_LPC17xx.a(system_LPC17xx.o)

.debug_pubtypes
                0x00000000       0xcb
 .debug_pubtypes
                0x00000000       0x5d ./src/capear_funciones.o
 .debug_pubtypes
                0x0000005d       0x12 ./src/cr_startup_lpc176x.o
 .debug_pubtypes
                0x0000006f       0x1e ./src/main.o
 .debug_pubtypes
                0x0000008d       0x3e E:\FAKU\Sistemas_Embebidos\WORKSPACES\CAPEAR_2\CMSISv2p00_LPC17xx\Debug\libCMSISv2p00_LPC17xx.a(system_LPC17xx.o)

.debug_aranges  0x00000000       0xe8
 .debug_aranges
                0x00000000       0x20 ./src/capear_funciones.o
 .debug_aranges
                0x00000020       0x80 ./src/cr_startup_lpc176x.o
 .debug_aranges
                0x000000a0       0x20 ./src/main.o
 .debug_aranges
                0x000000c0       0x28 E:\FAKU\Sistemas_Embebidos\WORKSPACES\CAPEAR_2\CMSISv2p00_LPC17xx\Debug\libCMSISv2p00_LPC17xx.a(system_LPC17xx.o)

.debug_ranges   0x00000000       0xa8
 .debug_ranges  0x00000000       0x10 ./src/capear_funciones.o
 .debug_ranges  0x00000010       0x70 ./src/cr_startup_lpc176x.o
 .debug_ranges  0x00000080       0x10 ./src/main.o
 .debug_ranges  0x00000090       0x18 E:\FAKU\Sistemas_Embebidos\WORKSPACES\CAPEAR_2\CMSISv2p00_LPC17xx\Debug\libCMSISv2p00_LPC17xx.a(system_LPC17xx.o)

.debug_str      0x00000000      0x4f8
 .debug_str     0x00000000      0x181 ./src/capear_funciones.o
                                0x1b0 (size before relaxing)
 .debug_str     0x00000181      0x177 ./src/cr_startup_lpc176x.o
                                0x23e (size before relaxing)
 .debug_str     0x000002f8       0x1c ./src/main.o
                                 0xf2 (size before relaxing)
 .debug_str     0x00000314      0x1e4 E:\FAKU\Sistemas_Embebidos\WORKSPACES\CAPEAR_2\CMSISv2p00_LPC17xx\Debug\libCMSISv2p00_LPC17xx.a(system_LPC17xx.o)
                                0x27e (size before relaxing)

.comment        0x00000000       0x2a
 .comment       0x00000000       0x2a ./src/capear_funciones.o
                                 0x2b (size before relaxing)
 .comment       0x00000000       0x2b ./src/cr_startup_lpc176x.o
 .comment       0x00000000       0x2b ./src/main.o
 .comment       0x00000000       0x2b E:\FAKU\Sistemas_Embebidos\WORKSPACES\CAPEAR_2\CMSISv2p00_LPC17xx\Debug\libCMSISv2p00_LPC17xx.a(system_LPC17xx.o)
 .comment       0x00000000       0x2b e:/faku/sistemas_embebidos/software/nxp/lpcxpresso_4.3.0_1023/lpcxpresso/tools/bin/../lib/gcc/arm-none-eabi/4.5.1/../../../../arm-none-eabi/lib/thumb2\libcr_c.a(__weak__main.o)

.ARM.attributes
                0x00000000       0x2f
 .ARM.attributes
                0x00000000       0x31 ./src/capear_funciones.o
 .ARM.attributes
                0x00000031       0x31 ./src/cr_startup_lpc176x.o
 .ARM.attributes
                0x00000062       0x31 ./src/main.o
 .ARM.attributes
                0x00000093       0x31 E:\FAKU\Sistemas_Embebidos\WORKSPACES\CAPEAR_2\CMSISv2p00_LPC17xx\Debug\libCMSISv2p00_LPC17xx.a(system_LPC17xx.o)
 .ARM.attributes
                0x000000c4       0x31 e:/faku/sistemas_embebidos/software/nxp/lpcxpresso_4.3.0_1023/lpcxpresso/tools/bin/../lib/gcc/arm-none-eabi/4.5.1/../../../../arm-none-eabi/lib/thumb2\libcr_c.a(__weak__main.o)
 .ARM.attributes
                0x000000f5       0x21 e:/faku/sistemas_embebidos/software/nxp/lpcxpresso_4.3.0_1023/lpcxpresso/tools/bin/../lib/gcc/arm-none-eabi/4.5.1/thumb2\libcr_eabihelpers.a(division.o)

.debug_frame    0x00000000      0x184
 .debug_frame   0x00000000       0x30 ./src/capear_funciones.o
 .debug_frame   0x00000030       0xf0 ./src/cr_startup_lpc176x.o
 .debug_frame   0x00000120       0x28 ./src/main.o
 .debug_frame   0x00000148       0x3c E:\FAKU\Sistemas_Embebidos\WORKSPACES\CAPEAR_2\CMSISv2p00_LPC17xx\Debug\libCMSISv2p00_LPC17xx.a(system_LPC17xx.o)
