Archive member included because of file (symbol)

E:\FAKU\Sistemas_Embebidos\WORKSPACES\CAPEAR_2\CMSISv2p00_LPC17xx\Debug\libCMSISv2p00_LPC17xx.a(system_LPC17xx.o)
                              ./src/cr_startup_lpc176x.o (SystemInit)
e:/faku/sistemas_embebidos/software/nxp/lpcxpresso_4.3.0_1023/lpcxpresso/tools/bin/../lib/gcc/arm-none-eabi/4.5.1/../../../../arm-none-eabi/lib/thumb2\libcr_nohost.a(_cr__main.o)
                              ./src/cr_startup_lpc176x.o (__main)
e:/faku/sistemas_embebidos/software/nxp/lpcxpresso_4.3.0_1023/lpcxpresso/tools/bin/../lib/gcc/arm-none-eabi/4.5.1/../../../../arm-none-eabi/lib/thumb2\libcr_c.a(fpprintf.o)
                              ./apps/webserver/httpd-cgi.o (snprintf)
e:/faku/sistemas_embebidos/software/nxp/lpcxpresso_4.3.0_1023/lpcxpresso/tools/bin/../lib/gcc/arm-none-eabi/4.5.1/../../../../arm-none-eabi/lib/thumb2\libcr_c.a(initio.o)
                              e:/faku/sistemas_embebidos/software/nxp/lpcxpresso_4.3.0_1023/lpcxpresso/tools/bin/../lib/gcc/arm-none-eabi/4.5.1/../../../../arm-none-eabi/lib/thumb2\libcr_nohost.a(_cr__main.o) (_initio)
e:/faku/sistemas_embebidos/software/nxp/lpcxpresso_4.3.0_1023/lpcxpresso/tools/bin/../lib/gcc/arm-none-eabi/4.5.1/../../../../arm-none-eabi/lib/thumb2\libcr_c.a(printf.o)
                              e:/faku/sistemas_embebidos/software/nxp/lpcxpresso_4.3.0_1023/lpcxpresso/tools/bin/../lib/gcc/arm-none-eabi/4.5.1/../../../../arm-none-eabi/lib/thumb2\libcr_c.a(fpprintf.o) (__vfprintf)
e:/faku/sistemas_embebidos/software/nxp/lpcxpresso_4.3.0_1023/lpcxpresso/tools/bin/../lib/gcc/arm-none-eabi/4.5.1/../../../../arm-none-eabi/lib/thumb2\libcr_c.a(setvbuf.o)
                              e:/faku/sistemas_embebidos/software/nxp/lpcxpresso_4.3.0_1023/lpcxpresso/tools/bin/../lib/gcc/arm-none-eabi/4.5.1/../../../../arm-none-eabi/lib/thumb2\libcr_c.a(initio.o) (setvbuf)
e:/faku/sistemas_embebidos/software/nxp/lpcxpresso_4.3.0_1023/lpcxpresso/tools/bin/../lib/gcc/arm-none-eabi/4.5.1/../../../../arm-none-eabi/lib/thumb2\libcr_c.a(stdio.o)
                              e:/faku/sistemas_embebidos/software/nxp/lpcxpresso_4.3.0_1023/lpcxpresso/tools/bin/../lib/gcc/arm-none-eabi/4.5.1/../../../../arm-none-eabi/lib/thumb2\libcr_c.a(fpprintf.o) (__Ciob)
e:/faku/sistemas_embebidos/software/nxp/lpcxpresso_4.3.0_1023/lpcxpresso/tools/bin/../lib/gcc/arm-none-eabi/4.5.1/../../../../arm-none-eabi/lib/thumb2\libcr_c.a(strchr.o)
                              ./apps/webserver/httpd.o (strchr)
e:/faku/sistemas_embebidos/software/nxp/lpcxpresso_4.3.0_1023/lpcxpresso/tools/bin/../lib/gcc/arm-none-eabi/4.5.1/../../../../arm-none-eabi/lib/thumb2\libcr_c.a(strcpy.o)
                              ./apps/webserver/httpd.o (strcpy)
e:/faku/sistemas_embebidos/software/nxp/lpcxpresso_4.3.0_1023/lpcxpresso/tools/bin/../lib/gcc/arm-none-eabi/4.5.1/../../../../arm-none-eabi/lib/thumb2\libcr_c.a(strlen.o)
                              ./apps/webserver/httpd-cgi.o (strlen)
e:/faku/sistemas_embebidos/software/nxp/lpcxpresso_4.3.0_1023/lpcxpresso/tools/bin/../lib/gcc/arm-none-eabi/4.5.1/../../../../arm-none-eabi/lib/thumb2\libcr_c.a(strncmp.o)
                              ./apps/webserver/httpd-cgi.o (strncmp)
e:/faku/sistemas_embebidos/software/nxp/lpcxpresso_4.3.0_1023/lpcxpresso/tools/bin/../lib/gcc/arm-none-eabi/4.5.1/../../../../arm-none-eabi/lib/thumb2\libcr_c.a(strncpy.o)
                              ./apps/webserver/httpd.o (strncpy)
e:/faku/sistemas_embebidos/software/nxp/lpcxpresso_4.3.0_1023/lpcxpresso/tools/bin/../lib/gcc/arm-none-eabi/4.5.1/../../../../arm-none-eabi/lib/thumb2\libcr_c.a(strrchr.o)
                              ./apps/webserver/httpd.o (strrchr)
e:/faku/sistemas_embebidos/software/nxp/lpcxpresso_4.3.0_1023/lpcxpresso/tools/bin/../lib/gcc/arm-none-eabi/4.5.1/../../../../arm-none-eabi/lib/thumb2\libcr_c.a(memcpy.o)
                              ./uip/psock.o (memcpy)
e:/faku/sistemas_embebidos/software/nxp/lpcxpresso_4.3.0_1023/lpcxpresso/tools/bin/../lib/gcc/arm-none-eabi/4.5.1/../../../../arm-none-eabi/lib/thumb2\libcr_c.a(memset.o)
                              ./uip/uip_arp.o (memset)
e:/faku/sistemas_embebidos/software/nxp/lpcxpresso_4.3.0_1023/lpcxpresso/tools/bin/../lib/gcc/arm-none-eabi/4.5.1/../../../../arm-none-eabi/lib/thumb2\libcr_c.a(__fillbuf.o)
                              e:/faku/sistemas_embebidos/software/nxp/lpcxpresso_4.3.0_1023/lpcxpresso/tools/bin/../lib/gcc/arm-none-eabi/4.5.1/../../../../arm-none-eabi/lib/thumb2\libcr_c.a(stdio.o) (__filbuf)
e:/faku/sistemas_embebidos/software/nxp/lpcxpresso_4.3.0_1023/lpcxpresso/tools/bin/../lib/gcc/arm-none-eabi/4.5.1/../../../../arm-none-eabi/lib/thumb2\libcr_c.a(_deferredlazyseek.o)
                              e:/faku/sistemas_embebidos/software/nxp/lpcxpresso_4.3.0_1023/lpcxpresso/tools/bin/../lib/gcc/arm-none-eabi/4.5.1/../../../../arm-none-eabi/lib/thumb2\libcr_c.a(__fillbuf.o) (_deferredlazyseek)
[...]
Memory Configuration

Name             Origin             Length             Attributes
MFlash512        0x00000000         0x00080000         xr
RamLoc32         0x10000000         0x00008000         xrw
RamAHB32         0x2007c000         0x00008000         xrw
*default*        0x00000000         0xffffffff

Linker script and memory map

LOAD ./uip/psock.o
LOAD ./uip/timer.o
LOAD ./uip/uip-fw.o
LOAD ./uip/uip-neighbor.o
LOAD ./uip/uip-split.o
LOAD ./uip/uip.o
LOAD ./uip/uip_arp.o
LOAD ./uip/uiplib.o
LOAD ./src/cr_startup_lpc176x.o
LOAD ./main/clock-arch.o
LOAD ./main/main.o
LOAD ./main/tapdev.o
LOAD ./main/lpc1700/lpc17xx_emac.o
LOAD ./main/lpc1700/lpc17xx_systick.o
LOAD ./apps/webserver/http-strings.o
LOAD ./apps/webserver/httpd-cgi.o
LOAD ./apps/webserver/httpd-fs.o
LOAD ./apps/webserver/httpd.o
LOAD E:\FAKU\Sistemas_Embebidos\WORKSPACES\CAPEAR_2\CMSISv2p00_LPC17xx\Debug\libCMSISv2p00_LPC17xx.a
START GROUP
LOAD e:/faku/sistemas_embebidos/software/nxp/lpcxpresso_4.3.0_1023/lpcxpresso/tools/bin/../lib/gcc/arm-none-eabi/4.5.1/../../../../arm-none-eabi/lib/thumb2\libcr_nohost.a
LOAD e:/faku/sistemas_embebidos/software/nxp/lpcxpresso_4.3.0_1023/lpcxpresso/tools/bin/../lib/gcc/arm-none-eabi/4.5.1/../../../../arm-none-eabi/lib/thumb2\libcr_c.a
LOAD e:/faku/sistemas_embebidos/software/nxp/lpcxpresso_4.3.0_1023/lpcxpresso/tools/bin/../lib/gcc/arm-none-eabi/4.5.1/thumb2\libcr_eabihelpers.a
END GROUP
                0x00080000                __top_MFlash512 = 0x80000
                0x10008000                __top_RamLoc32 = 0x10008000
                0x20084000                __top_RamAHB32 = 0x20084000

.text           0x00000000     0xaa68
 FILL mask 0xff
 *(.isr_vector)
 .isr_vector    0x00000000       0xcc ./src/cr_startup_lpc176x.o
                0x00000000                g_pfnVectors
                0x000000cc                . = ALIGN (0x4)
                0x000000cc                __section_table_start = .
                0x000000cc                __data_section_table = .
                0x000000cc        0x4 LONG 0xaa68 LOADADDR (.data)
                0x000000d0        0x4 LONG 0x10000000 ADDR (.data)
                0x000000d4        0x4 LONG 0x80 SIZEOF (.data)
                0x000000d8        0x4 LONG 0xaa68 LOADADDR (.data_RAM2)
                0x000000dc        0x4 LONG 0x2007c000 ADDR (.data_RAM2)
                0x000000e0        0x4 LONG 0x0 SIZEOF (.data_RAM2)
                0x000000e4                __data_section_table_end = .
                0x000000e4                __bss_section_table = .
                0x000000e4        0x4 LONG 0x10000080 ADDR (.bss)
                0x000000e8        0x4 LONG 0x2878 SIZEOF (.bss)
                0x000000ec        0x4 LONG 0x2007c000 ADDR (.bss_RAM2)
                0x000000f0        0x4 LONG 0x0 SIZEOF (.bss_RAM2)
                0x000000f4                __bss_section_table_end = .
                0x000000f4                __section_table_end = .
 *(.after_vectors*)
 .after_vectors
                0x000000f4      0x174 ./src/cr_startup_lpc176x.o
                0x000000f4                data_init
                0x00000144                bss_init
                0x00000184                ResetISR
                0x00000218                NMI_Handler
                0x00000220                HardFault_Handler
                0x00000228                MemManage_Handler
                0x00000230                BusFault_Handler
                0x00000238                UsageFault_Handler
                0x00000240                SVCall_Handler
                0x00000248                DebugMon_Handler
                0x00000250                PendSV_Handler
                0x00000260                EINT2_IRQHandler
                0x00000260                UART1_IRQHandler
                0x00000260                EINT3_IRQHandler
                0x00000260                CANActivity_IRQHandler
                0x00000260                TIMER3_IRQHandler
                0x00000260                UART0_IRQHandler
                0x00000260                PWM1_IRQHandler
                0x00000260                USBActivity_IRQHandler
                0x00000260                IntDefaultHandler
                0x00000260                PLL0_IRQHandler
                0x00000260                CAN_IRQHandler
                0x00000260                I2C0_IRQHandler
                0x00000260                I2C1_IRQHandler
                0x00000260                I2S_IRQHandler
                0x00000260                I2C2_IRQHandler
                0x00000260                RTC_IRQHandler
                0x00000260                TIMER0_IRQHandler
                0x00000260                SPI_IRQHandler
                0x00000260                RIT_IRQHandler
                0x00000260                EINT1_IRQHandler
                0x00000260                TIMER1_IRQHandler
                0x00000260                UART2_IRQHandler
                0x00000260                ADC_IRQHandler
                0x00000260                SSP1_IRQHandler
                0x00000260                USB_IRQHandler
                0x00000260                BOD_IRQHandler
                0x00000260                SSP0_IRQHandler
                0x00000260                WDT_IRQHandler
                0x00000260                QEI_IRQHandler
                0x00000260                EINT0_IRQHandler
                0x00000260                TIMER2_IRQHandler
                0x00000260                DMA_IRQHandler
                0x00000260                PLL1_IRQHandler
                0x00000260                UART3_IRQHandler
                0x00000260                MCPWM_IRQHandler
                0x00000260                ENET_IRQHandler
 *(.text*)
 .text.buf_setup
                0x00000268       0x24 ./uip/psock.o
 .text.buf_bufto
                0x0000028c       0xa0 ./uip/psock.o
 .text.send_data
                0x0000032c       0x6c ./uip/psock.o
 .text.data_acked
                0x00000398       0x84 ./uip/psock.o
 .text.psock_send
                0x0000041c       0x94 ./uip/psock.o
                0x0000041c                psock_send
 .text.psock_generator_send
                0x000004b0       0xb8 ./uip/psock.o
                0x000004b0                psock_generator_send
 .text.psock_datalen
                0x00000568       0x24 ./uip/psock.o
                0x00000568                psock_datalen
 .text.psock_newdata
                0x0000058c       0x58 ./uip/psock.o
                0x0000058c                psock_newdata
 .text.psock_readto
                0x000005e4       0xcc ./uip/psock.o
                0x000005e4                psock_readto
 .text.psock_init
                0x000006b0       0x48 ./uip/psock.o
                0x000006b0                psock_init
 .text.timer_set
                0x000006f8       0x24 ./uip/timer.o
                0x000006f8                timer_set
 .text.timer_reset
                0x0000071c       0x20 ./uip/timer.o
                0x0000071c                timer_reset
 .text.timer_expired
                0x0000073c       0x2c ./uip/timer.o
                0x0000073c                timer_expired
 .text.uip_add32
                0x00000768      0x14c ./uip/uip.o
                0x00000768                uip_add32
 .text.chksum   0x000008b4       0x98 ./uip/uip.o
 .text.uip_ipchksum
                0x0000094c       0x3c ./uip/uip.o
                0x0000094c                uip_ipchksum
 .text.uip_ICMPchksum
                0x00000988       0x48 ./uip/uip.o
                0x00000988                uip_ICMPchksum
 .text.upper_layer_chksum
                0x000009d0       0x8c ./uip/uip.o
 .text.uip_tcpchksum
                0x00000a5c       0x14 ./uip/uip.o
                0x00000a5c                uip_tcpchksum
 .text.uip_init
                0x00000a70       0xcc ./uip/uip.o
                0x00000a70                uip_init
 .text.uip_listen
                0x00000b3c       0x84 ./uip/uip.o
                0x00000b3c                uip_listen
 .text.uip_add_rcv_nxt
                0x00000bc0       0x84 ./uip/uip.o
 .text.uip_process
                0x00000c44     0x1e00 ./uip/uip.o
                0x00000c44                uip_process
 .text.htons    0x00002a44       0x30 ./uip/uip.o
                0x00002a44                htons
 .text.uip_send
                0x00002a74       0x54 ./uip/uip.o
                0x00002a74                uip_send
 .text.uip_arp_timer
                0x00002ac8       0xc0 ./uip/uip_arp.o
                0x00002ac8                uip_arp_timer
 .text.uip_arp_update
                0x00002b88      0x254 ./uip/uip_arp.o
 .text.uip_arp_arpin
                0x00002ddc      0x1e0 ./uip/uip_arp.o
                0x00002ddc                uip_arp_arpin
 .text.uip_arp_out
                0x00002fbc      0x318 ./uip/uip_arp.o
                0x00002fbc                uip_arp_out
 .text.clock_init
                0x000032d4       0x10 ./main/clock-arch.o
                0x000032d4                clock_init
 .text.clock_time
                0x000032e4       0x18 ./main/clock-arch.o
                0x000032e4                clock_time
 .text.pong     0x000032fc      0x1c4 ./main/main.o
                0x000032fc                pong
 .text.uip_log  0x000034c0       0x14 ./main/main.o
                0x000034c0                uip_log
 .text.main     0x000034d4      0x31c ./main/main.o
                0x000034d4                main
 .text.tapdev_init
                0x000037f0        0xc ./main/tapdev.o
                0x000037f0                tapdev_init
 .text.tapdev_read
                0x000037fc       0x1c ./main/tapdev.o
                0x000037fc                tapdev_read
 .text.tapdev_send
                0x00003818       0x1c ./main/tapdev.o
                0x00003818                tapdev_send
 .text.EMAC_Init
                0x00003834      0x37c ./main/lpc1700/lpc17xx_emac.o
                0x00003834                EMAC_Init
 .text.write_PHY
                0x00003bb0       0x60 ./main/lpc1700/lpc17xx_emac.o
 .text.read_PHY
                0x00003c10       0x74 ./main/lpc1700/lpc17xx_emac.o
 .text.EMAC_ReadPacket
                0x00003c84       0xac ./main/lpc1700/lpc17xx_emac.o
                0x00003c84                EMAC_ReadPacket
 .text.EMAC_SendPacket
                0x00003d30      0x10c ./main/lpc1700/lpc17xx_emac.o
                0x00003d30                EMAC_SendPacket
 .text.rx_descr_init
                0x00003e3c       0xd4 ./main/lpc1700/lpc17xx_emac.o
 .text.tx_descr_init
                0x00003f10       0xc0 ./main/lpc1700/lpc17xx_emac.o
 .text.NVIC_SetPriority
                0x00003fd0       0x5c ./main/lpc1700/lpc17xx_systick.o
 .text.SysTick_Config
                0x0000402c       0x64 ./main/lpc1700/lpc17xx_systick.o
 .text.SysTick_Handler
                0x00004090       0x24 ./main/lpc1700/lpc17xx_systick.o
                0x00004090                SysTick_Handler
 .text.init_timer
                0x000040b4       0x34 ./main/lpc1700/lpc17xx_systick.o
                0x000040b4                init_timer
 .text.nullfunction
                0x000040e8       0x30 ./apps/webserver/httpd-cgi.o
 .text.httpd_cgi
                0x00004118       0x64 ./apps/webserver/httpd-cgi.o
                0x00004118                httpd_cgi
 .text.prt0_sw  0x0000417c       0x5c ./apps/webserver/httpd-cgi.o
 .text.prt1_sw  0x000041d8       0x5c ./apps/webserver/httpd-cgi.o
 .text.prt2_sw  0x00004234       0x5c ./apps/webserver/httpd-cgi.o
 .text.prt3_sw  0x00004290       0x5c ./apps/webserver/httpd-cgi.o
 .text.prt4_sw  0x000042ec       0x5c ./apps/webserver/httpd-cgi.o
 .text.prt0_on  0x00004348       0x54 ./apps/webserver/httpd-cgi.o
 .text.prt1_on  0x0000439c       0x54 ./apps/webserver/httpd-cgi.o
 .text.prt2_on  0x000043f0       0x54 ./apps/webserver/httpd-cgi.o
 .text.prt3_on  0x00004444       0x54 ./apps/webserver/httpd-cgi.o
 .text.prt4_on  0x00004498       0x54 ./apps/webserver/httpd-cgi.o
 .text.prt0_of  0x000044ec       0x54 ./apps/webserver/httpd-cgi.o
 .text.prt1_of  0x00004540       0x54 ./apps/webserver/httpd-cgi.o
 .text.prt2_of  0x00004594       0x54 ./apps/webserver/httpd-cgi.o
 .text.prt3_of  0x000045e8       0x54 ./apps/webserver/httpd-cgi.o
 .text.prt4_of  0x0000463c       0x54 ./apps/webserver/httpd-cgi.o
 .text.generate_prt0_st
                0x00004690       0x74 ./apps/webserver/httpd-cgi.o
 .text.prt0_st  0x00004704       0x68 ./apps/webserver/httpd-cgi.o
 .text.generate_prt1_st
                0x0000476c       0x74 ./apps/webserver/httpd-cgi.o
 .text.prt1_st  0x000047e0       0x68 ./apps/webserver/httpd-cgi.o
 .text.generate_prt2_st
                0x00004848       0x74 ./apps/webserver/httpd-cgi.o
 .text.prt2_st  0x000048bc       0x68 ./apps/webserver/httpd-cgi.o
 .text.generate_prt3_st
                0x00004924       0x74 ./apps/webserver/httpd-cgi.o
 .text.prt3_st  0x00004998       0x68 ./apps/webserver/httpd-cgi.o
 .text.generate_prt4_st
                0x00004a00       0x74 ./apps/webserver/httpd-cgi.o
 .text.prt4_st  0x00004a74       0x68 ./apps/webserver/httpd-cgi.o
 .text.generate_prt0_s1
                0x00004adc       0x74 ./apps/webserver/httpd-cgi.o
 .text.prt0_s1  0x00004b50       0x68 ./apps/webserver/httpd-cgi.o
 .text.generate_prt1_s1
                0x00004bb8       0x74 ./apps/webserver/httpd-cgi.o
 .text.prt1_s1  0x00004c2c       0x68 ./apps/webserver/httpd-cgi.o
 .text.generate_prt2_s1
                0x00004c94       0x74 ./apps/webserver/httpd-cgi.o
 .text.prt2_s1  0x00004d08       0x68 ./apps/webserver/httpd-cgi.o
 .text.generate_prt3_s1
                0x00004d70       0x74 ./apps/webserver/httpd-cgi.o
 .text.prt3_s1  0x00004de4       0x68 ./apps/webserver/httpd-cgi.o
 .text.generate_prt4_s1
                0x00004e4c       0x74 ./apps/webserver/httpd-cgi.o
 .text.prt4_s1  0x00004ec0       0x68 ./apps/webserver/httpd-cgi.o
 .text.generate_prt0_s0
                0x00004f28       0x74 ./apps/webserver/httpd-cgi.o
 .text.prt0_s0  0x00004f9c       0x68 ./apps/webserver/httpd-cgi.o
 .text.generate_prt1_s0
                0x00005004       0x74 ./apps/webserver/httpd-cgi.o
 .text.prt1_s0  0x00005078       0x68 ./apps/webserver/httpd-cgi.o
 .text.generate_prt2_s0
                0x000050e0       0x74 ./apps/webserver/httpd-cgi.o
 .text.prt2_s0  0x00005154       0x68 ./apps/webserver/httpd-cgi.o
 .text.generate_prt3_s0
                0x000051bc       0x74 ./apps/webserver/httpd-cgi.o
 .text.prt3_s0  0x00005230       0x68 ./apps/webserver/httpd-cgi.o
 .text.generate_prt4_s0
                0x00005298       0x74 ./apps/webserver/httpd-cgi.o
 .text.prt4_s0  0x0000530c       0x68 ./apps/webserver/httpd-cgi.o
 .text.httpd_fs_strcmp
                0x00005374       0x6c ./apps/webserver/httpd-fs.o
 .text.httpd_fs_open
                0x000053e0       0x88 ./apps/webserver/httpd-fs.o
                0x000053e0                httpd_fs_open
 .text.generate_part_of_file
                0x00005468       0x78 ./apps/webserver/httpd.o
 .text.send_file
                0x000054e0       0x94 ./apps/webserver/httpd.o
 .text.send_part_of_file
                0x00005574       0x68 ./apps/webserver/httpd.o
 .text.next_scriptstate
                0x000055dc       0x50 ./apps/webserver/httpd.o
 .text.handle_script
                0x0000562c      0x22c ./apps/webserver/httpd.o
 .text.send_headers
                0x00005858      0x2d4 ./apps/webserver/httpd.o
 .text.handle_output
                0x00005b2c      0x17c ./apps/webserver/httpd.o
 .text.handle_input
                0x00005ca8      0x1c0 ./apps/webserver/httpd.o
 .text.handle_connection
                0x00005e68       0x28 ./apps/webserver/httpd.o
 .text.httpd_appcall
                0x00005e90      0x118 ./apps/webserver/httpd.o
                0x00005e90                httpd_appcall
 .text.httpd_init
                0x00005fa8       0x10 ./apps/webserver/httpd.o
                0x00005fa8                httpd_init
 .text.SystemInit
                0x00005fb8       0xe4 E:\FAKU\Sistemas_Embebidos\WORKSPACES\CAPEAR_2\CMSISv2p00_LPC17xx\Debug\libCMSISv2p00_LPC17xx.a(system_LPC17xx.o)
                0x00005fb8                SystemInit
 .text.__main   0x0000609c       0x14 e:/faku/sistemas_embebidos/software/nxp/lpcxpresso_4.3.0_1023/lpcxpresso/tools/bin/../lib/gcc/arm-none-eabi/4.5.1/../../../../arm-none-eabi/lib/thumb2\libcr_nohost.a(_cr__main.o)
                0x0000609c                __main
 .text.fp_round
                0x000060b0       0x56 e:/faku/sistemas_embebidos/software/nxp/lpcxpresso_4.3.0_1023/lpcxpresso/tools/bin/../lib/gcc/arm-none-eabi/4.5.1/../../../../arm-none-eabi/lib/thumb2\libcr_c.a(fpprintf.o)
 .text.lose_trailing_zeros
                0x00006106       0x1e e:/faku/sistemas_embebidos/software/nxp/lpcxpresso_4.3.0_1023/lpcxpresso/tools/bin/../lib/gcc/arm-none-eabi/4.5.1/../../../../arm-none-eabi/lib/thumb2\libcr_c.a(fpprintf.o)
 .text.pr_dec.clone.0
                0x00006124       0x24 e:/faku/sistemas_embebidos/software/nxp/lpcxpresso_4.3.0_1023/lpcxpresso/tools/bin/../lib/gcc/arm-none-eabi/4.5.1/../../../../arm-none-eabi/lib/thumb2\libcr_c.a(fpprintf.o)
 .text.sprintf  0x00006148       0x70 e:/faku/sistemas_embebidos/software/nxp/lpcxpresso_4.3.0_1023/lpcxpresso/tools/bin/../lib/gcc/arm-none-eabi/4.5.1/../../../../arm-none-eabi/lib/thumb2\libcr_c.a(fpprintf.o)
                0x00006148                sprintf
 .text.fp_display
                0x000061b8      0x918 e:/faku/sistemas_embebidos/software/nxp/lpcxpresso_4.3.0_1023/lpcxpresso/tools/bin/../lib/gcc/arm-none-eabi/4.5.1/../../../../arm-none-eabi/lib/thumb2\libcr_c.a(fpprintf.o)
 .text.snprintf
                0x00006ad0       0x6c e:/faku/sistemas_embebidos/software/nxp/lpcxpresso_4.3.0_1023/lpcxpresso/tools/bin/../lib/gcc/arm-none-eabi/4.5.1/../../../../arm-none-eabi/lib/thumb2\libcr_c.a(fpprintf.o)
                0x00006ad0                snprintf
 .text._initio  0x00006b3c       0x9c e:/faku/sistemas_embebidos/software/nxp/lpcxpresso_4.3.0_1023/lpcxpresso/tools/bin/../lib/gcc/arm-none-eabi/4.5.1/../../../../arm-none-eabi/lib/thumb2\libcr_c.a(initio.o)
                0x00006b3c                _initio
 .text.__vfprintf
                0x00006bd8      0xc3c e:/faku/sistemas_embebidos/software/nxp/lpcxpresso_4.3.0_1023/lpcxpresso/tools/bin/../lib/gcc/arm-none-eabi/4.5.1/../../../../arm-none-eabi/lib/thumb2\libcr_c.a(printf.o)
                0x00006bd8                __vfprintf
 .text.setvbuf  0x00007814       0x48 e:/faku/sistemas_embebidos/software/nxp/lpcxpresso_4.3.0_1023/lpcxpresso/tools/bin/../lib/gcc/arm-none-eabi/4.5.1/../../../../arm-none-eabi/lib/thumb2\libcr_c.a(setvbuf.o)
                0x00007814                setvbuf
 .text.strchr   0x0000785c       0x18 e:/faku/sistemas_embebidos/software/nxp/lpcxpresso_4.3.0_1023/lpcxpresso/tools/bin/../lib/gcc/arm-none-eabi/4.5.1/../../../../arm-none-eabi/lib/thumb2\libcr_c.a(strchr.o)
                0x0000785c                strchr
 .text.strcpy   0x00007874       0x42 e:/faku/sistemas_embebidos/software/nxp/lpcxpresso_4.3.0_1023/lpcxpresso/tools/bin/../lib/gcc/arm-none-eabi/4.5.1/../../../../arm-none-eabi/lib/thumb2\libcr_c.a(strcpy.o)
                0x00007874                strcpy
 .text.strlen   0x000078b6       0x4e e:/faku/sistemas_embebidos/software/nxp/lpcxpresso_4.3.0_1023/lpcxpresso/tools/bin/../lib/gcc/arm-none-eabi/4.5.1/../../../../arm-none-eabi/lib/thumb2\libcr_c.a(strlen.o)
                0x000078b6                strlen
 .text.strncmp  0x00007904       0x58 e:/faku/sistemas_embebidos/software/nxp/lpcxpresso_4.3.0_1023/lpcxpresso/tools/bin/../lib/gcc/arm-none-eabi/4.5.1/../../../../arm-none-eabi/lib/thumb2\libcr_c.a(strncmp.o)
                0x00007904                strncmp
 .text.strncpy  0x0000795c       0x58 e:/faku/sistemas_embebidos/software/nxp/lpcxpresso_4.3.0_1023/lpcxpresso/tools/bin/../lib/gcc/arm-none-eabi/4.5.1/../../../../arm-none-eabi/lib/thumb2\libcr_c.a(strncpy.o)
                0x0000795c                strncpy
 .text.strrchr  0x000079b4       0x24 e:/faku/sistemas_embebidos/software/nxp/lpcxpresso_4.3.0_1023/lpcxpresso/tools/bin/../lib/gcc/arm-none-eabi/4.5.1/../../../../arm-none-eabi/lib/thumb2\libcr_c.a(strrchr.o)
                0x000079b4                strrchr
 .text.memcpy   0x000079d8        0x4 e:/faku/sistemas_embebidos/software/nxp/lpcxpresso_4.3.0_1023/lpcxpresso/tools/bin/../lib/gcc/arm-none-eabi/4.5.1/../../../../arm-none-eabi/lib/thumb2\libcr_c.a(memcpy.o)
                0x000079d8                memcpy
 .text.memset   0x000079dc        0x4 e:/faku/sistemas_embebidos/software/nxp/lpcxpresso_4.3.0_1023/lpcxpresso/tools/bin/../lib/gcc/arm-none-eabi/4.5.1/../../../../arm-none-eabi/lib/thumb2\libcr_c.a(memset.o)
                0x000079dc                memset
 .text._deferredlazyseek
                0x000079e0       0x44 e:/faku/sistemas_embebidos/software/nxp/lpcxpresso_4.3.0_1023/lpcxpresso/tools/bin/../lib/gcc/arm-none-eabi/4.5.1/../../../../arm-none-eabi/lib/thumb2\libcr_c.a(_deferredlazyseek.o)
                0x000079e0                _deferredlazyseek
 .text.__flsbuf
                0x00007a24      0x15e e:/faku/sistemas_embebidos/software/nxp/lpcxpresso_4.3.0_1023/lpcxpresso/tools/bin/../lib/gcc/arm-none-eabi/4.5.1/../../../../arm-none-eabi/lib/thumb2\libcr_c.a(_deferredlazyseek.o)
                0x00007a24                __flsbuf
 .text._fdopen  0x00007b82       0x6e e:/faku/sistemas_embebidos/software/nxp/lpcxpresso_4.3.0_1023/lpcxpresso/tools/bin/../lib/gcc/arm-none-eabi/4.5.1/../../../../arm-none-eabi/lib/thumb2\libcr_c.a(_fdopen.o)
                0x00007b82                _fdopen
 .text._fflush  0x00007bf0       0x58 e:/faku/sistemas_embebidos/software/nxp/lpcxpresso_4.3.0_1023/lpcxpresso/tools/bin/../lib/gcc/arm-none-eabi/4.5.1/../../../../arm-none-eabi/lib/thumb2\libcr_c.a(_fflush.o)
                0x00007bf0                _fflush
 .text._frexpl  0x00007c48       0x62 e:/faku/sistemas_embebidos/software/nxp/lpcxpresso_4.3.0_1023/lpcxpresso/tools/bin/../lib/gcc/arm-none-eabi/4.5.1/../../../../arm-none-eabi/lib/thumb2\libcr_c.a(_frexpl.o)
                0x00007c48                _frexpl
 *fill*         0x00007caa        0x2 00
 .text._ldexpl  0x00007cac       0x50 e:/faku/sistemas_embebidos/software/nxp/lpcxpresso_4.3.0_1023/lpcxpresso/tools/bin/../lib/gcc/arm-none-eabi/4.5.1/../../../../arm-none-eabi/lib/thumb2\libcr_c.a(_ldexpl.o)
                0x00007cac                _ldexpl
 .text._Cwritebuf
                0x00007cfc       0x88 e:/faku/sistemas_embebidos/software/nxp/lpcxpresso_4.3.0_1023/lpcxpresso/tools/bin/../lib/gcc/arm-none-eabi/4.5.1/../../../../arm-none-eabi/lib/thumb2\libcr_c.a(_writebuf.o)
                0x00007cfc                _Cwritebuf
 .text.malloc   0x00007d84       0xd0 e:/faku/sistemas_embebidos/software/nxp/lpcxpresso_4.3.0_1023/lpcxpresso/tools/bin/../lib/gcc/arm-none-eabi/4.5.1/../../../../arm-none-eabi/lib/thumb2\libcr_c.a(alloc.o)
                0x00007d84                malloc
 .text.free     0x00007e54        0xa e:/faku/sistemas_embebidos/software/nxp/lpcxpresso_4.3.0_1023/lpcxpresso/tools/bin/../lib/gcc/arm-none-eabi/4.5.1/../../../../arm-none-eabi/lib/thumb2\libcr_c.a(alloc.o)
                0x00007e54                free
 *fill*         0x00007e5e        0x2 00
 .text._Csys_alloc
                0x00007e60       0x20 e:/faku/sistemas_embebidos/software/nxp/lpcxpresso_4.3.0_1023/lpcxpresso/tools/bin/../lib/gcc/arm-none-eabi/4.5.1/../../../../arm-none-eabi/lib/thumb2\libcr_c.a(alloc.o)
                0x00007e60                _Csys_alloc
 .text.fclose   0x00007e80       0x72 e:/faku/sistemas_embebidos/software/nxp/lpcxpresso_4.3.0_1023/lpcxpresso/tools/bin/../lib/gcc/arm-none-eabi/4.5.1/../../../../arm-none-eabi/lib/thumb2\libcr_c.a(fclose.o)
                0x00007e80                fclose
 *fill*         0x00007ef2        0x2 00
 .text.fflush   0x00007ef4       0x34 e:/faku/sistemas_embebidos/software/nxp/lpcxpresso_4.3.0_1023/lpcxpresso/tools/bin/../lib/gcc/arm-none-eabi/4.5.1/../../../../arm-none-eabi/lib/thumb2\libcr_c.a(fflush.o)
                0x00007ef4                fflush
 .text.fseek    0x00007f28      0x110 e:/faku/sistemas_embebidos/software/nxp/lpcxpresso_4.3.0_1023/lpcxpresso/tools/bin/../lib/gcc/arm-none-eabi/4.5.1/../../../../arm-none-eabi/lib/thumb2\libcr_c.a(fseek.o)
                0x00007f28                fseek
 .text.ftell    0x00008038       0x50 e:/faku/sistemas_embebidos/software/nxp/lpcxpresso_4.3.0_1023/lpcxpresso/tools/bin/../lib/gcc/arm-none-eabi/4.5.1/../../../../arm-none-eabi/lib/thumb2\libcr_c.a(ftell.o)
                0x00008038                ftell
 .text.remove   0x00008088       0x14 e:/faku/sistemas_embebidos/software/nxp/lpcxpresso_4.3.0_1023/lpcxpresso/tools/bin/../lib/gcc/arm-none-eabi/4.5.1/../../../../arm-none-eabi/lib/thumb2\libcr_c.a(remove.o)
                0x00008088                remove
 .text._do_fflush
                0x0000809c       0x44 e:/faku/sistemas_embebidos/software/nxp/lpcxpresso_4.3.0_1023/lpcxpresso/tools/bin/../lib/gcc/arm-none-eabi/4.5.1/../../../../arm-none-eabi/lib/thumb2\libcr_c.a(_do_fflush.o)
                0x0000809c                _do_fflush
 .text.__aeabi_dmul
                0x000080e0      0x128 e:/faku/sistemas_embebidos/software/nxp/lpcxpresso_4.3.0_1023/lpcxpresso/tools/bin/../lib/gcc/arm-none-eabi/4.5.1/thumb2\libcr_eabihelpers.a(double.o)
                0x000080e0                __aeabi_dmul
 .text.__aeabi_ddiv
                0x00008208      0x144 e:/faku/sistemas_embebidos/software/nxp/lpcxpresso_4.3.0_1023/lpcxpresso/tools/bin/../lib/gcc/arm-none-eabi/4.5.1/thumb2\libcr_eabihelpers.a(double.o)
                0x00008208                __aeabi_ddiv
 .text.__aeabi_dsub
                0x0000834c      0x1d8 e:/faku/sistemas_embebidos/software/nxp/lpcxpresso_4.3.0_1023/lpcxpresso/tools/bin/../lib/gcc/arm-none-eabi/4.5.1/thumb2\libcr_eabihelpers.a(double.o)
                0x0000834c                __aeabi_dsub
 .text.__aeabi_dadd
                0x00008524      0x13c e:/faku/sistemas_embebidos/software/nxp/lpcxpresso_4.3.0_1023/lpcxpresso/tools/bin/../lib/gcc/arm-none-eabi/4.5.1/thumb2\libcr_eabihelpers.a(double.o)
                0x00008524                __aeabi_dadd
 .text.__aeabi_d2iz
                0x00008660       0x3e e:/faku/sistemas_embebidos/software/nxp/lpcxpresso_4.3.0_1023/lpcxpresso/tools/bin/../lib/gcc/arm-none-eabi/4.5.1/thumb2\libcr_eabihelpers.a(double.o)
                0x00008660                __aeabi_d2iz
 .text.__bhs_ui2d
                0x0000869e       0x50 e:/faku/sistemas_embebidos/software/nxp/lpcxpresso_4.3.0_1023/lpcxpresso/tools/bin/../lib/gcc/arm-none-eabi/4.5.1/thumb2\libcr_eabihelpers.a(double.o)
                0x0000869e                __bhs_ui2d
 .text.__aeabi_i2d
                0x000086ee       0x10 e:/faku/sistemas_embebidos/software/nxp/lpcxpresso_4.3.0_1023/lpcxpresso/tools/bin/../lib/gcc/arm-none-eabi/4.5.1/thumb2\libcr_eabihelpers.a(double.o)
                0x000086ee                __aeabi_i2d
 .text.__aeabi_dcmpeq
                0x000086fe       0x36 e:/faku/sistemas_embebidos/software/nxp/lpcxpresso_4.3.0_1023/lpcxpresso/tools/bin/../lib/gcc/arm-none-eabi/4.5.1/thumb2\libcr_eabihelpers.a(double.o)
                0x000086fe                __aeabi_dcmpeq
 .text.__aeabi_dcmplt
                0x00008734       0x5a e:/faku/sistemas_embebidos/software/nxp/lpcxpresso_4.3.0_1023/lpcxpresso/tools/bin/../lib/gcc/arm-none-eabi/4.5.1/thumb2\libcr_eabihelpers.a(double.o)
                0x00008734                __aeabi_dcmplt
 .text.__aeabi_dcmple
                0x0000878e       0x5a e:/faku/sistemas_embebidos/software/nxp/lpcxpresso_4.3.0_1023/lpcxpresso/tools/bin/../lib/gcc/arm-none-eabi/4.5.1/thumb2\libcr_eabihelpers.a(double.o)
                0x0000878e                __aeabi_dcmple
 .text.__aeabi_dcmpge
                0x000087e8       0x5a e:/faku/sistemas_embebidos/software/nxp/lpcxpresso_4.3.0_1023/lpcxpresso/tools/bin/../lib/gcc/arm-none-eabi/4.5.1/thumb2\libcr_eabihelpers.a(double.o)
                0x000087e8                __aeabi_dcmpge
 .text.__aeabi_memcpy
                0x00008842       0x26 e:/faku/sistemas_embebidos/software/nxp/lpcxpresso_4.3.0_1023/lpcxpresso/tools/bin/../lib/gcc/arm-none-eabi/4.5.1/thumb2\libcr_eabihelpers.a(memcpy.o)
                0x00008842                __aeabi_memcpy4
                0x00008842                __aeabi_memcpy8
                0x00008842                __aeabi_memcpy
 .text.__aeabi_memset_lowlevel
                0x00008868       0x24 e:/faku/sistemas_embebidos/software/nxp/lpcxpresso_4.3.0_1023/lpcxpresso/tools/bin/../lib/gcc/arm-none-eabi/4.5.1/thumb2\libcr_eabihelpers.a(memcpy.o)
                0x00008868                __aeabi_lowlevel_memset
 .text.__sys_appexit
                0x0000888c        0x2 e:/faku/sistemas_embebidos/software/nxp/lpcxpresso_4.3.0_1023/lpcxpresso/tools/bin/../lib/gcc/arm-none-eabi/4.5.1/../../../../arm-none-eabi/lib/thumb2\libcr_nohost.a(__sys_appexit.o)
                0x0000888c                __sys_appexit
                0x0000888c                __exit
 .text.__sys_close
                0x0000888e        0x6 e:/faku/sistemas_embebidos/software/nxp/lpcxpresso_4.3.0_1023/lpcxpresso/tools/bin/../lib/gcc/arm-none-eabi/4.5.1/../../../../arm-none-eabi/lib/thumb2\libcr_nohost.a(__sys_close.o)
                0x0000888e                __sys_close
 .text.__sys_flen
                0x00008894        0x6 e:/faku/sistemas_embebidos/software/nxp/lpcxpresso_4.3.0_1023/lpcxpresso/tools/bin/../lib/gcc/arm-none-eabi/4.5.1/../../../../arm-none-eabi/lib/thumb2\libcr_nohost.a(__sys_flen.o)
                0x00008894                __sys_flen
 .text.__sys_istty
                0x0000889a        0x6 e:/faku/sistemas_embebidos/software/nxp/lpcxpresso_4.3.0_1023/lpcxpresso/tools/bin/../lib/gcc/arm-none-eabi/4.5.1/../../../../arm-none-eabi/lib/thumb2\libcr_nohost.a(__sys_istty.o)
                0x0000889a                __sys_istty
 .text.__sys_remove
                0x000088a0        0x6 e:/faku/sistemas_embebidos/software/nxp/lpcxpresso_4.3.0_1023/lpcxpresso/tools/bin/../lib/gcc/arm-none-eabi/4.5.1/../../../../arm-none-eabi/lib/thumb2\libcr_nohost.a(__sys_remove.o)
                0x000088a0                __sys_remove
 .text.__sys_seek
                0x000088a6        0x6 e:/faku/sistemas_embebidos/software/nxp/lpcxpresso_4.3.0_1023/lpcxpresso/tools/bin/../lib/gcc/arm-none-eabi/4.5.1/../../../../arm-none-eabi/lib/thumb2\libcr_nohost.a(__sys_seek.o)
                0x000088a6                __sys_seek
 .text.__sys_tmpnam
                0x000088ac        0x6 e:/faku/sistemas_embebidos/software/nxp/lpcxpresso_4.3.0_1023/lpcxpresso/tools/bin/../lib/gcc/arm-none-eabi/4.5.1/../../../../arm-none-eabi/lib/thumb2\libcr_nohost.a(__sys_tmpnam.o)
                0x000088ac                __sys_tmpnam
 .text.__sys_write
                0x000088b2        0x4 e:/faku/sistemas_embebidos/software/nxp/lpcxpresso_4.3.0_1023/lpcxpresso/tools/bin/../lib/gcc/arm-none-eabi/4.5.1/../../../../arm-none-eabi/lib/thumb2\libcr_nohost.a(__sys_write.o)
                0x000088b2                __sys_write
                0x000088b2                __write
 *fill*         0x000088b6        0x2 00
 .text._sbrk    0x000088b8       0x40 e:/faku/sistemas_embebidos/software/nxp/lpcxpresso_4.3.0_1023/lpcxpresso/tools/bin/../lib/gcc/arm-none-eabi/4.5.1/../../../../arm-none-eabi/lib/thumb2\libcr_nohost.a(_cr_sbrk.o)
                0x000088b8                _sbrk
 .text.__check_heap_overflow
                0x000088f8       0x2c e:/faku/sistemas_embebidos/software/nxp/lpcxpresso_4.3.0_1023/lpcxpresso/tools/bin/../lib/gcc/arm-none-eabi/4.5.1/../../../../arm-none-eabi/lib/thumb2\libcr_nohost.a(_cr_check_heap.o)
                0x000088f8                __check_heap_overflow
 *(.rodata .rodata.*)
 .rodata        0x00008924      0x144 ./uip/uip.o
                0x0000892c                uip_ethaddr
 .rodata        0x00008a68        0xc ./uip/uip_arp.o
 .rodata        0x00008a74        0xc ./main/main.o
 .rodata        0x00008a80      0x288 ./apps/webserver/http-strings.o
                0x00008a80                http_http
                0x00008a88                http_200
                0x00008a90                http_301
                0x00008a98                http_302
                0x00008aa0                http_get
                0x00008aa8                http_10
                0x00008ab4                http_11
                0x00008ac0                http_content_type
                0x00008ad0                http_texthtml
                0x00008adc                http_location
                0x00008ae8                http_host
                0x00008af0                http_crnl
                0x00008af4                http_index_html
                0x00008b00                http_404_html
                0x00008b0c                http_referer
                0x00008b18                http_header_200
                0x00008b6c                http_header_404
                0x00008bc8                http_content_type_plain
                0x00008be8                http_content_type_html
                0x00008c04                http_content_type_css
                0x00008c20                http_content_type_text
                0x00008c3c                http_content_type_png
                0x00008c58                http_content_type_gif
                0x00008c74                http_content_type_jpg
                0x00008c94                http_content_type_binary
                0x00008cc0                http_html
                0x00008cc8                http_shtml
                0x00008cd0                http_htm
                0x00008cd8                http_css
                0x00008ce0                http_png
                0x00008ce8                http_gif
                0x00008cf0                http_jpg
                0x00008cf8                http_text
                0x00008d00                http_txt
 .rodata        0x00008d08      0x1fc ./apps/webserver/httpd-cgi.o
 .rodata        0x00008f04     0x1954 ./apps/webserver/httpd-fs.o
                0x0000a664                file_404_html
                0x0000a678                file_capear_bot_html
                0x0000a68c                file_capear_top_html
                0x0000a6a0                file_index_html
                0x0000a6b4                file_null_html
                0x0000a6c8                file_p0_shtml
                0x0000a6dc                file_p0_of_shtml
                0x0000a6f0                file_p0_on_shtml
                0x0000a704                file_p0_sw_shtml
                0x0000a718                file_p1_shtml
                0x0000a72c                file_p1_of_shtml
                0x0000a740                file_p1_on_shtml
                0x0000a754                file_p1_sw_shtml
                0x0000a768                file_p2_shtml
                0x0000a77c                file_p2_of_shtml
                0x0000a790                file_p2_on_shtml
                0x0000a7a4                file_p2_sw_shtml
                0x0000a7b8                file_p3_shtml
                0x0000a7cc                file_p3_of_shtml
                0x0000a7e0                file_p3_on_shtml
                0x0000a7f4                file_p3_sw_shtml
                0x0000a808                file_p4_shtml
                0x0000a81c                file_p4_of_shtml
                0x0000a830                file_p4_on_shtml
                0x0000a844                file_p4_sw_shtml
 .rodata.str1.1
                0x0000a858       0x34 e:/faku/sistemas_embebidos/software/nxp/lpcxpresso_4.3.0_1023/lpcxpresso/tools/bin/../lib/gcc/arm-none-eabi/4.5.1/../../../../arm-none-eabi/lib/thumb2\libcr_c.a(fpprintf.o)
                                 0x35 (size before relaxing)
 .rodata.str1.1
                0x0000a88c        0x4 e:/faku/sistemas_embebidos/software/nxp/lpcxpresso_4.3.0_1023/lpcxpresso/tools/bin/../lib/gcc/arm-none-eabi/4.5.1/../../../../arm-none-eabi/lib/thumb2\libcr_c.a(initio.o)
 .rodata.str1.1
                0x0000a890       0x31 e:/faku/sistemas_embebidos/software/nxp/lpcxpresso_4.3.0_1023/lpcxpresso/tools/bin/../lib/gcc/arm-none-eabi/4.5.1/../../../../arm-none-eabi/lib/thumb2\libcr_c.a(printf.o)
                                 0x38 (size before relaxing)
 .rodata.str1.1
                0x0000a8c1       0x18 e:/faku/sistemas_embebidos/software/nxp/lpcxpresso_4.3.0_1023/lpcxpresso/tools/bin/../lib/gcc/arm-none-eabi/4.5.1/../../../../arm-none-eabi/lib/thumb2\libcr_c.a(alloc.o)
 .rodata.__ctype
                0x0000a8d9      0x180 e:/faku/sistemas_embebidos/software/nxp/lpcxpresso_4.3.0_1023/lpcxpresso/tools/bin/../lib/gcc/arm-none-eabi/4.5.1/../../../../arm-none-eabi/lib/thumb2\libcr_c.a(ctype.o)
                0x0000a8d9                __ctype
 *fill*         0x0000aa59        0x7 00
 .rodata.__huge_vall
                0x0000aa60        0x8 e:/faku/sistemas_embebidos/software/nxp/lpcxpresso_4.3.0_1023/lpcxpresso/tools/bin/../lib/gcc/arm-none-eabi/4.5.1/../../../../arm-none-eabi/lib/thumb2\libcr_c.a(_hugeval.o)
                0x0000aa60                __huge_vall
                0x0000aa68                . = ALIGN (0x4)

.glue_7         0x0000aa68        0x0
 .glue_7        0x00000000        0x0 linker stubs

.glue_7t        0x0000aa68        0x0
 .glue_7t       0x00000000        0x0 linker stubs

.vfp11_veneer   0x0000aa68        0x0
 .vfp11_veneer  0x00000000        0x0 linker stubs

.v4_bx          0x0000aa68        0x0
 .v4_bx         0x00000000        0x0 linker stubs

.ARM.extab
 *(.ARM.extab* .gnu.linkonce.armextab.*)
                0x0000aa68                __exidx_start = .

.ARM.exidx
 *(.ARM.exidx* .gnu.linkonce.armexidx.*)
                0x0000aa68                __exidx_end = .
                0x0000aa68                _etext = .

.data_RAM2      0x2007c000        0x0 load address 0x0000aa68
 FILL mask 0xff
 *(.data.$RAM2*)
 *(.data.$RamAHB32*)
                0x2007c000                . = ALIGN (0x4)

.uninit_RESERVED
                0x10000000        0x0
 *(.bss.$RESERVED*)
                0x10000000                . = ALIGN (0x4)
                0x10000000                _end_uninit_RESERVED = .

.data           0x10000000       0x80 load address 0x0000aa68
 FILL mask 0xff
                0x10000000                _data = .
 *(vtable)
 *(.data*)
 .data          0x10000000       0x7c ./apps/webserver/httpd-cgi.o
 .data.SystemCoreClock
                0x1000007c        0x4 E:\FAKU\Sistemas_Embebidos\WORKSPACES\CAPEAR_2\CMSISv2p00_LPC17xx\Debug\libCMSISv2p00_LPC17xx.a(system_LPC17xx.o)
                0x1000007c                SystemCoreClock
                0x10000080                . = ALIGN (0x4)
                0x10000080                _edata = .

.bss_RAM2       0x2007c000        0x0
 *(.bss.$RAM2*)
 *(.bss.$RamAHB32*)
                0x2007c000                . = ALIGN (0x4)

.bss            0x10000080     0x2878
                0x10000080                _bss = .
 *(.bss*)
 .bss           0x10000080       0x10 ./uip/uip.o
 .bss           0x10000090       0x68 ./uip/uip_arp.o
 .bss           0x100000f8        0x4 ./main/lpc1700/lpc17xx_systick.o
                0x100000f8                systick_counter
 .bss           0x100000fc       0x34 ./apps/webserver/httpd-fs.o
 .bss.errno     0x10000130        0x4 e:/faku/sistemas_embebidos/software/nxp/lpcxpresso_4.3.0_1023/lpcxpresso/tools/bin/../lib/gcc/arm-none-eabi/4.5.1/../../../../arm-none-eabi/lib/thumb2\libcr_c.a(errno.o)
                0x10000130                errno
 *(COMMON)
 COMMON         0x10000134     0x2678 ./uip/uip.o
                0x10000134                pong_flag
                0x10000138                uip_len
                0x1000013c                uip_sappdata
                0x10000140                uip_acc32
                0x10000144                uip_flags
                0x10000148                uip_appdata
                0x1000014c                uip_conn
                0x10000150                uip_conns
                0x10002130                uip_listenports
                0x10002180                uip_draddr
                0x10002184                uip_stat
                0x100021b0                uip_netmask
                0x100021b4                uip_hostaddr
                0x100021b8                uip_buf
                0x100027aa                uip_slen
 COMMON         0x100027ac        0x4 e:/faku/sistemas_embebidos/software/nxp/lpcxpresso_4.3.0_1023/lpcxpresso/tools/bin/../lib/gcc/arm-none-eabi/4.5.1/../../../../arm-none-eabi/lib/thumb2\libcr_c.a(initio.o)
                0x100027ac                _extra
 COMMON         0x100027b0      0x140 e:/faku/sistemas_embebidos/software/nxp/lpcxpresso_4.3.0_1023/lpcxpresso/tools/bin/../lib/gcc/arm-none-eabi/4.5.1/../../../../arm-none-eabi/lib/thumb2\libcr_c.a(stdio.o)
                0x100027b0                __Ciob
 COMMON         0x100028f0        0x8 e:/faku/sistemas_embebidos/software/nxp/lpcxpresso_4.3.0_1023/lpcxpresso/tools/bin/../lib/gcc/arm-none-eabi/4.5.1/../../../../arm-none-eabi/lib/thumb2\libcr_c.a(__init_alloc.o)
                0x100028f0                __heaps
                0x100028f4                __end_of_heap
                0x100028f8                . = ALIGN (0x4)
                0x100028f8                _ebss = .
                0x100028f8                PROVIDE (end, .)
                0x100028f8                PROVIDE (_pvHeapStart, .)
                0x10008000                PROVIDE (_vStackTop, (__top_RamLoc32 - 0x0))
OUTPUT(RDB1768cmsis2_uIP.axf elf32-littlearm)

.debug_abbrev   0x00000000     0x179f
 .debug_abbrev  0x00000000      0x1de ./uip/psock.o
 .debug_abbrev  0x000001de       0xb0 ./uip/timer.o
 .debug_abbrev  0x0000028e      0x1a6 ./uip/uip-fw.o
 .debug_abbrev  0x00000434      0x106 ./uip/uip-neighbor.o
 .debug_abbrev  0x0000053a       0xeb ./uip/uip-split.o
 .debug_abbrev  0x00000625      0x277 ./uip/uip.o
 .debug_abbrev  0x0000089c      0x183 ./uip/uip_arp.o
 .debug_abbrev  0x00000a1f       0x6c ./uip/uiplib.o
 .debug_abbrev  0x00000a8b       0xf8 ./src/cr_startup_lpc176x.o
 .debug_abbrev  0x00000b83       0x7f ./main/clock-arch.o
 .debug_abbrev  0x00000c02      0x1ac ./main/main.o
 .debug_abbrev  0x00000dae       0xae ./main/tapdev.o
 .debug_abbrev  0x00000e5c      0x1b9 ./main/lpc1700/lpc17xx_emac.o
 .debug_abbrev  0x00001015      0x195 ./main/lpc1700/lpc17xx_systick.o
 .debug_abbrev  0x000011aa       0x4b ./apps/webserver/http-strings.o
 .debug_abbrev  0x000011f5      0x1bc ./apps/webserver/httpd-cgi.o
 .debug_abbrev  0x000013b1      0x145 ./apps/webserver/httpd-fs.o
 .debug_abbrev  0x000014f6      0x1c6 ./apps/webserver/httpd.o
 .debug_abbrev  0x000016bc       0xe3 E:\FAKU\Sistemas_Embebidos\WORKSPACES\CAPEAR_2\CMSISv2p00_LPC17xx\Debug\libCMSISv2p00_LPC17xx.a(system_LPC17xx.o)

.debug_info     0x00000000     0x802a
 .debug_info    0x00000000      0x7d7 ./uip/psock.o
 .debug_info    0x000007d7      0x120 ./uip/timer.o
 .debug_info    0x000008f7      0x675 ./uip/uip-fw.o
 .debug_info    0x00000f6c      0x2cc ./uip/uip-neighbor.o
 .debug_info    0x00001238      0x30e ./uip/uip-split.o
 .debug_info    0x00001546     0x1259 ./uip/uip.o
 .debug_info    0x0000279f      0x4fc ./uip/uip_arp.o
 .debug_info    0x00002c9b       0xef ./uip/uiplib.o
 .debug_info    0x00002d8a      0x2ea ./src/cr_startup_lpc176x.o
 .debug_info    0x00003074       0xd0 ./main/clock-arch.o
 .debug_info    0x00003144      0xa96 ./main/main.o
 .debug_info    0x00003bda      0x120 ./main/tapdev.o
 .debug_info    0x00003cfa      0xadb ./main/lpc1700/lpc17xx_emac.o
 .debug_info    0x000047d5      0x5f6 ./main/lpc1700/lpc17xx_systick.o
 .debug_info    0x00004dcb      0x446 ./apps/webserver/http-strings.o
 .debug_info    0x00005211     0x165c ./apps/webserver/httpd-cgi.o
 .debug_info    0x0000686d      0x9e1 ./apps/webserver/httpd-fs.o
 .debug_info    0x0000724e      0xa4d ./apps/webserver/httpd.o
 .debug_info    0x00007c9b      0x38f E:\FAKU\Sistemas_Embebidos\WORKSPACES\CAPEAR_2\CMSISv2p00_LPC17xx\Debug\libCMSISv2p00_LPC17xx.a(system_LPC17xx.o)

.debug_line     0x00000000     0x69ac
 .debug_line    0x00000000      0x696 ./uip/psock.o
 .debug_line    0x00000696       0xe4 ./uip/timer.o
 .debug_line    0x0000077a      0x662 ./uip/uip-fw.o
 .debug_line    0x00000ddc      0x5b2 ./uip/uip-neighbor.o
 .debug_line    0x0000138e      0x538 ./uip/uip-split.o
 .debug_line    0x000018c6      0xb4a ./uip/uip.o
 .debug_line    0x00002410      0x622 ./uip/uip_arp.o
 .debug_line    0x00002a32      0x504 ./uip/uiplib.o
 .debug_line    0x00002f36      0x4a6 ./src/cr_startup_lpc176x.o
 .debug_line    0x000033dc       0xd9 ./main/clock-arch.o
 .debug_line    0x000034b5      0x6cc ./main/main.o
 .debug_line    0x00003b81      0x4f3 ./main/tapdev.o
 .debug_line    0x00004074      0x721 ./main/lpc1700/lpc17xx_emac.o
 .debug_line    0x00004795      0x4c6 ./main/lpc1700/lpc17xx_systick.o
 .debug_line    0x00004c5b       0x41 ./apps/webserver/http-strings.o
 .debug_line    0x00004c9c      0xbac ./apps/webserver/httpd-cgi.o
 .debug_line    0x00005848      0x56f ./apps/webserver/httpd-fs.o
 .debug_line    0x00005db7      0x778 ./apps/webserver/httpd.o
 .debug_line    0x0000652f      0x47d E:\FAKU\Sistemas_Embebidos\WORKSPACES\CAPEAR_2\CMSISv2p00_LPC17xx\Debug\libCMSISv2p00_LPC17xx.a(system_LPC17xx.o)

.debug_macinfo  0x00000000    0x6f194
 .debug_macinfo
                0x00000000     0x51cd ./uip/psock.o
 .debug_macinfo
                0x000051cd     0x1728 ./uip/timer.o
 .debug_macinfo
                0x000068f5     0x519e ./uip/uip-fw.o
 .debug_macinfo
                0x0000ba93     0x4ebc ./uip/uip-neighbor.o
 .debug_macinfo
                0x0001094f     0x5146 ./uip/uip-split.o
 .debug_macinfo
                0x00015a95     0x9b28 ./uip/uip.o
 .debug_macinfo
                0x0001f5bd     0x507e ./uip/uip_arp.o
 .debug_macinfo
                0x0002463b     0x4e55 ./uip/uiplib.o
 .debug_macinfo
                0x00029490     0x3138 ./src/cr_startup_lpc176x.o
 .debug_macinfo
                0x0002c5c8     0x1b44 ./main/clock-arch.o
 .debug_macinfo
                0x0002e10c     0x99c1 ./main/main.o
 .debug_macinfo
                0x00037acd     0x936a ./main/tapdev.o
 .debug_macinfo
                0x00040e37     0xa173 ./main/lpc1700/lpc17xx_emac.o
 .debug_macinfo
                0x0004afaa     0x7a9b ./main/lpc1700/lpc17xx_systick.o
 .debug_macinfo
                0x00052a45     0x16b1 ./apps/webserver/http-strings.o
 .debug_macinfo
                0x000540f6     0x98f6 ./apps/webserver/httpd-cgi.o
 .debug_macinfo
                0x0005d9ec     0x4ea2 ./apps/webserver/httpd-fs.o
 .debug_macinfo
                0x0006288e     0x4fdb ./apps/webserver/httpd.o
 .debug_macinfo
                0x00067869     0x792b E:\FAKU\Sistemas_Embebidos\WORKSPACES\CAPEAR_2\CMSISv2p00_LPC17xx\Debug\libCMSISv2p00_LPC17xx.a(system_LPC17xx.o)

.debug_loc      0x00000000     0x1fe8
 .debug_loc     0x00000000      0x288 ./uip/psock.o
 .debug_loc     0x00000288       0xe0 ./uip/timer.o
 .debug_loc     0x00000368      0x230 ./uip/uip-fw.o
 .debug_loc     0x00000598      0x150 ./uip/uip-neighbor.o
 .debug_loc     0x000006e8       0x38 ./uip/uip-split.o
 .debug_loc     0x00000720      0x394 ./uip/uip.o
 .debug_loc     0x00000ab4      0x100 ./uip/uip_arp.o
 .debug_loc     0x00000bb4       0x38 ./uip/uiplib.o
 .debug_loc     0x00000bec      0x260 ./src/cr_startup_lpc176x.o
 .debug_loc     0x00000e4c       0x58 ./main/clock-arch.o
 .debug_loc     0x00000ea4       0xa8 ./main/main.o
 .debug_loc     0x00000f4c       0x9c ./main/tapdev.o
 .debug_loc     0x00000fe8      0x188 ./main/lpc1700/lpc17xx_emac.o
 .debug_loc     0x00001170       0xd4 ./main/lpc1700/lpc17xx_systick.o
 .debug_loc     0x00001244      0xa48 ./apps/webserver/httpd-cgi.o
 .debug_loc     0x00001c8c       0xe0 ./apps/webserver/httpd-fs.o
 .debug_loc     0x00001d6c      0x25c ./apps/webserver/httpd.o
 .debug_loc     0x00001fc8       0x20 E:\FAKU\Sistemas_Embebidos\WORKSPACES\CAPEAR_2\CMSISv2p00_LPC17xx\Debug\libCMSISv2p00_LPC17xx.a(system_LPC17xx.o)

.debug_pubnames
                0x00000000      0xc3a
 .debug_pubnames
                0x00000000       0x90 ./uip/psock.o
 .debug_pubnames
                0x00000090       0x54 ./uip/timer.o
 .debug_pubnames
                0x000000e4       0x82 ./uip/uip-fw.o
 .debug_pubnames
                0x00000166       0x87 ./uip/uip-neighbor.o
 .debug_pubnames
                0x000001ed       0x27 ./uip/uip-split.o
 .debug_pubnames
                0x00000214      0x1d7 ./uip/uip.o
 .debug_pubnames
                0x000003eb       0x57 ./uip/uip_arp.o
 .debug_pubnames
                0x00000442       0x28 ./uip/uiplib.o
 .debug_pubnames
                0x0000046a      0x118 ./src/cr_startup_lpc176x.o
 .debug_pubnames
                0x00000582       0x30 ./main/clock-arch.o
 .debug_pubnames
                0x000005b2       0x4b ./main/main.o
 .debug_pubnames
                0x000005fd       0x42 ./main/tapdev.o
 .debug_pubnames
                0x0000063f       0x48 ./main/lpc1700/lpc17xx_emac.o
 .debug_pubnames
                0x00000687       0x49 ./main/lpc1700/lpc17xx_systick.o
 .debug_pubnames
                0x000006d0      0x271 ./apps/webserver/http-strings.o
 .debug_pubnames
                0x00000941       0x2e ./apps/webserver/httpd-cgi.o
 .debug_pubnames
                0x0000096f      0x249 ./apps/webserver/httpd-fs.o
 .debug_pubnames
                0x00000bb8       0x33 ./apps/webserver/httpd.o
 .debug_pubnames
                0x00000beb       0x4f E:\FAKU\Sistemas_Embebidos\WORKSPACES\CAPEAR_2\CMSISv2p00_LPC17xx\Debug\libCMSISv2p00_LPC17xx.a(system_LPC17xx.o)

.debug_pubtypes
                0x00000000      0x9d5
 .debug_pubtypes
                0x00000000       0xcf ./uip/psock.o
 .debug_pubtypes
                0x000000cf       0x2d ./uip/timer.o
 .debug_pubtypes
                0x000000fc       0xa1 ./uip/uip-fw.o
 .debug_pubtypes
                0x0000019d       0x9b ./uip/uip-neighbor.o
 .debug_pubtypes
                0x00000238       0x50 ./uip/uip-split.o
 .debug_pubtypes
                0x00000288      0x151 ./uip/uip.o
 .debug_pubtypes
                0x000003d9       0xaa ./uip/uip_arp.o
 .debug_pubtypes
                0x00000483       0x12 ./uip/uiplib.o
 .debug_pubtypes
                0x00000495       0x12 ./src/cr_startup_lpc176x.o
 .debug_pubtypes
                0x000004a7       0x2e ./main/clock-arch.o
 .debug_pubtypes
                0x000004d5      0x14c ./main/main.o
 .debug_pubtypes
                0x00000621       0x1e ./main/tapdev.o
 .debug_pubtypes
                0x0000063f       0xa1 ./main/lpc1700/lpc17xx_emac.o
 .debug_pubtypes
                0x000006e0       0x85 ./main/lpc1700/lpc17xx_systick.o
 .debug_pubtypes
                0x00000765       0xdf ./apps/webserver/httpd-cgi.o
 .debug_pubtypes
                0x00000844       0x84 ./apps/webserver/httpd-fs.o
 .debug_pubtypes
                0x000008c8       0xcf ./apps/webserver/httpd.o
 .debug_pubtypes
                0x00000997       0x3e E:\FAKU\Sistemas_Embebidos\WORKSPACES\CAPEAR_2\CMSISv2p00_LPC17xx\Debug\libCMSISv2p00_LPC17xx.a(system_LPC17xx.o)

.debug_aranges  0x00000000      0x670
 .debug_aranges
                0x00000000       0x78 ./uip/psock.o
 .debug_aranges
                0x00000078       0x38 ./uip/timer.o
 .debug_aranges
                0x000000b0       0x68 ./uip/uip-fw.o
 .debug_aranges
                0x00000118       0x48 ./uip/uip-neighbor.o
 .debug_aranges
                0x00000160       0x20 ./uip/uip-split.o
 .debug_aranges
                0x00000180       0xa0 ./uip/uip.o
 .debug_aranges
                0x00000220       0x40 ./uip/uip_arp.o
 .debug_aranges
                0x00000260       0x20 ./uip/uiplib.o
 .debug_aranges
                0x00000280       0x80 ./src/cr_startup_lpc176x.o
 .debug_aranges
                0x00000300       0x28 ./main/clock-arch.o
 .debug_aranges
                0x00000328       0x30 ./main/main.o
 .debug_aranges
                0x00000358       0x30 ./main/tapdev.o
 .debug_aranges
                0x00000388       0x50 ./main/lpc1700/lpc17xx_emac.o
 .debug_aranges
                0x000003d8       0x38 ./main/lpc1700/lpc17xx_systick.o
 .debug_aranges
                0x00000410      0x190 ./apps/webserver/httpd-cgi.o
 .debug_aranges
                0x000005a0       0x38 ./apps/webserver/httpd-fs.o
 .debug_aranges
                0x000005d8       0x70 ./apps/webserver/httpd.o
 .debug_aranges
                0x00000648       0x28 E:\FAKU\Sistemas_Embebidos\WORKSPACES\CAPEAR_2\CMSISv2p00_LPC17xx\Debug\libCMSISv2p00_LPC17xx.a(system_LPC17xx.o)

.debug_ranges   0x00000000      0x550
 .debug_ranges  0x00000000       0x68 ./uip/psock.o
 .debug_ranges  0x00000068       0x28 ./uip/timer.o
 .debug_ranges  0x00000090       0x58 ./uip/uip-fw.o
 .debug_ranges  0x000000e8       0x38 ./uip/uip-neighbor.o
 .debug_ranges  0x00000120       0x10 ./uip/uip-split.o
 .debug_ranges  0x00000130       0x90 ./uip/uip.o
 .debug_ranges  0x000001c0       0x30 ./uip/uip_arp.o
 .debug_ranges  0x000001f0       0x10 ./uip/uiplib.o
 .debug_ranges  0x00000200       0x70 ./src/cr_startup_lpc176x.o
 .debug_ranges  0x00000270       0x18 ./main/clock-arch.o
 .debug_ranges  0x00000288       0x20 ./main/main.o
 .debug_ranges  0x000002a8       0x20 ./main/tapdev.o
 .debug_ranges  0x000002c8       0x40 ./main/lpc1700/lpc17xx_emac.o
 .debug_ranges  0x00000308       0x28 ./main/lpc1700/lpc17xx_systick.o
 .debug_ranges  0x00000330      0x180 ./apps/webserver/httpd-cgi.o
 .debug_ranges  0x000004b0       0x28 ./apps/webserver/httpd-fs.o
 .debug_ranges  0x000004d8       0x60 ./apps/webserver/httpd.o
 .debug_ranges  0x00000538       0x18 E:\FAKU\Sistemas_Embebidos\WORKSPACES\CAPEAR_2\CMSISv2p00_LPC17xx\Debug\libCMSISv2p00_LPC17xx.a(system_LPC17xx.o)

.debug_str      0x00000000     0x1f20
 .debug_str     0x00000000      0x2e7 ./uip/psock.o
                                0x34c (size before relaxing)
 .debug_str     0x000002e7       0x57 ./uip/timer.o
                                 0xc3 (size before relaxing)
 .debug_str     0x0000033e      0x181 ./uip/uip-fw.o
                                0x2f7 (size before relaxing)
 .debug_str     0x000004bf       0xc4 ./uip/uip-neighbor.o
                                0x1e4 (size before relaxing)
 .debug_str     0x00000583       0x5a ./uip/uip-split.o
                                0x1d9 (size before relaxing)
 .debug_str     0x000005dd      0x42d ./uip/uip.o
                                0x79e (size before relaxing)
 .debug_str     0x00000a0a      0x10d ./uip/uip_arp.o
                                0x2c3 (size before relaxing)
 .debug_str     0x00000b17       0x2a ./uip/uiplib.o
                                0x102 (size before relaxing)
 .debug_str     0x00000b41      0x17a ./src/cr_startup_lpc176x.o
                                0x24c (size before relaxing)
 .debug_str     0x00000cbb       0x42 ./main/clock-arch.o
                                0x110 (size before relaxing)
 .debug_str     0x00000cfd       0x5e ./main/main.o
                                0x4f0 (size before relaxing)
 .debug_str     0x00000d5b       0x3d ./main/tapdev.o
                                0x128 (size before relaxing)
 .debug_str     0x00000d98      0x4cb ./main/lpc1700/lpc17xx_emac.o
                                0x5e5 (size before relaxing)
 .debug_str     0x00001263      0x311 ./main/lpc1700/lpc17xx_systick.o
                                0x466 (size before relaxing)
 .debug_str     0x00001574      0x1f8 ./apps/webserver/http-strings.o
                                0x25d (size before relaxing)
 .debug_str     0x0000176c      0x2a5 ./apps/webserver/httpd-cgi.o
                                0x665 (size before relaxing)
 .debug_str     0x00001a11      0x3c6 ./apps/webserver/httpd-fs.o
                                0x4e0 (size before relaxing)
 .debug_str     0x00001dd7       0xc8 ./apps/webserver/httpd.o
                                0x44c (size before relaxing)
 .debug_str     0x00001e9f       0x81 E:\FAKU\Sistemas_Embebidos\WORKSPACES\CAPEAR_2\CMSISv2p00_LPC17xx\Debug\libCMSISv2p00_LPC17xx.a(system_LPC17xx.o)
                                0x27e (size before relaxing)

.comment        0x00000000      0x284
 .comment       0x00000000       0x2a ./uip/psock.o
                                 0x2b (size before relaxing)
 .comment       0x00000000       0x2b ./uip/timer.o
 .comment       0x00000000       0x2b ./uip/uip-fw.o
 .comment       0x00000000       0x2b ./uip/uip-neighbor.o
 .comment       0x00000000       0x2b ./uip/uip-split.o
 .comment       0x00000000       0x2b ./uip/uip.o
 .comment       0x00000000       0x2b ./uip/uip_arp.o
 .comment       0x00000000       0x2b ./uip/uiplib.o
 .comment       0x00000000       0x2b ./src/cr_startup_lpc176x.o
 .comment       0x00000000       0x2b ./main/clock-arch.o
 .comment       0x00000000       0x2b ./main/main.o
 .comment       0x00000000       0x2b ./main/tapdev.o
 .comment       0x00000000       0x2b ./main/lpc1700/lpc17xx_emac.o
 .comment       0x00000000       0x2b ./main/lpc1700/lpc17xx_systick.o
 .comment       0x00000000       0x2b ./apps/webserver/http-strings.o
 .comment       0x00000000       0x2b ./apps/webserver/httpd-cgi.o
 .comment       0x00000000       0x2b ./apps/webserver/httpd-fs.o
 .comment       0x00000000       0x2b ./apps/webserver/httpd.o
 .comment       0x00000000       0x2b E:\FAKU\Sistemas_Embebidos\WORKSPACES\CAPEAR_2\CMSISv2p00_LPC17xx\Debug\libCMSISv2p00_LPC17xx.a(system_LPC17xx.o)
 .comment       0x0000002a       0x2b e:/faku/sistemas_embebidos/software/nxp/lpcxpresso_4.3.0_1023/lpcxpresso/tools/bin/../lib/gcc/arm-none-eabi/4.5.1/../../../../arm-none-eabi/lib/thumb2\libcr_nohost.a(_cr__main.o)
 .comment       0x00000000       0x2b e:/faku/sistemas_embebidos/software/nxp/lpcxpresso_4.3.0_1023/lpcxpresso/tools/bin/../lib/gcc/arm-none-eabi/4.5.1/../../../../arm-none-eabi/lib/thumb2\libcr_c.a(fpprintf.o)
 .comment       0x00000000       0x2b e:/faku/sistemas_embebidos/software/nxp/lpcxpresso_4.3.0_1023/lpcxpresso/tools/bin/../lib/gcc/arm-none-eabi/4.5.1/../../../../arm-none-eabi/lib/thumb2\libcr_c.a(initio.o)
 .comment       0x00000000       0x2b e:/faku/sistemas_embebidos/software/nxp/lpcxpresso_4.3.0_1023/lpcxpresso/tools/bin/../lib/gcc/arm-none-eabi/4.5.1/../../../../arm-none-eabi/lib/thumb2\libcr_c.a(printf.o)
 .comment       0x00000000       0x2b e:/faku/sistemas_embebidos/software/nxp/lpcxpresso_4.3.0_1023/lpcxpresso/tools/bin/../lib/gcc/arm-none-eabi/4.5.1/../../../../arm-none-eabi/lib/thumb2\libcr_c.a(setvbuf.o)
 .comment       0x00000000       0x2b e:/faku/sistemas_embebidos/software/nxp/lpcxpresso_4.3.0_1023/lpcxpresso/tools/bin/../lib/gcc/arm-none-eabi/4.5.1/../../../../arm-none-eabi/lib/thumb2\libcr_c.a(stdio.o)
 .comment       0x00000000       0x2b e:/faku/sistemas_embebidos/software/nxp/lpcxpresso_4.3.0_1023/lpcxpresso/tools/bin/../lib/gcc/arm-none-eabi/4.5.1/../../../../arm-none-eabi/lib/thumb2\libcr_c.a(strchr.o)
 .comment       0x00000000       0x2b e:/faku/sistemas_embebidos/software/nxp/lpcxpresso_4.3.0_1023/lpcxpresso/tools/bin/../lib/gcc/arm-none-eabi/4.5.1/../../../../arm-none-eabi/lib/thumb2\libcr_c.a(strcpy.o)
 .comment       0x00000000       0x2b e:/faku/sistemas_embebidos/software/nxp/lpcxpresso_4.3.0_1023/lpcxpresso/tools/bin/../lib/gcc/arm-none-eabi/4.5.1/../../../../arm-none-eabi/lib/thumb2\libcr_c.a(strlen.o)
 .comment       0x00000000       0x2b e:/faku/sistemas_embebidos/software/nxp/lpcxpresso_4.3.0_1023/lpcxpresso/tools/bin/../lib/gcc/arm-none-eabi/4.5.1/../../../../arm-none-eabi/lib/thumb2\libcr_c.a(strncmp.o)
 .comment       0x00000000       0x2b e:/faku/sistemas_embebidos/software/nxp/lpcxpresso_4.3.0_1023/lpcxpresso/tools/bin/../lib/gcc/arm-none-eabi/4.5.1/../../../../arm-none-eabi/lib/thumb2\libcr_c.a(strncpy.o)
 .comment       0x00000000       0x2b e:/faku/sistemas_embebidos/software/nxp/lpcxpresso_4.3.0_1023/lpcxpresso/tools/bin/../lib/gcc/arm-none-eabi/4.5.1/../../../../arm-none-eabi/lib/thumb2\libcr_c.a(strrchr.o)
 .comment       0x00000000       0x2b e:/faku/sistemas_embebidos/software/nxp/lpcxpresso_4.3.0_1023/lpcxpresso/tools/bin/../lib/gcc/arm-none-eabi/4.5.1/../../../../arm-none-eabi/lib/thumb2\libcr_c.a(memcpy.o)
 .comment       0x00000000       0x2b e:/faku/sistemas_embebidos/software/nxp/lpcxpresso_4.3.0_1023/lpcxpresso/tools/bin/../lib/gcc/arm-none-eabi/4.5.1/../../../../arm-none-eabi/lib/thumb2\libcr_c.a(memset.o)
 .comment       0x00000000       0x2b e:/faku/sistemas_embebidos/software/nxp/lpcxpresso_4.3.0_1023/lpcxpresso/tools/bin/../lib/gcc/arm-none-eabi/4.5.1/../../../../arm-none-eabi/lib/thumb2\libcr_c.a(__fillbuf.o)
 .comment       0x00000000       0x2b e:/faku/sistemas_embebidos/software/nxp/lpcxpresso_4.3.0_1023/lpcxpresso/tools/bin/../lib/gcc/arm-none-eabi/4.5.1/../../../../arm-none-eabi/lib/thumb2\libcr_c.a(_deferredlazyseek.o)
 .comment       0x00000000       0x2b e:/faku/sistemas_embebidos/software/nxp/lpcxpresso_4.3.0_1023/lpcxpresso/tools/bin/../lib/gcc/arm-none-eabi/4.5.1/../../../../arm-none-eabi/lib/thumb2\libcr_c.a(_fdopen.o)
 .comment       0x00000000       0x2b e:/faku/sistemas_embebidos/software/nxp/lpcxpresso_4.3.0_1023/lpcxpresso/tools/bin/../lib/gcc/arm-none-eabi/4.5.1/../../../../arm-none-eabi/lib/thumb2\libcr_c.a(_fflush.o)
 .comment       0x00000000       0x2b e:/faku/sistemas_embebidos/software/nxp/lpcxpresso_4.3.0_1023/lpcxpresso/tools/bin/../lib/gcc/arm-none-eabi/4.5.1/../../../../arm-none-eabi/lib/thumb2\libcr_c.a(_frexpl.o)
 .comment       0x00000000       0x2b e:/faku/sistemas_embebidos/software/nxp/lpcxpresso_4.3.0_1023/lpcxpresso/tools/bin/../lib/gcc/arm-none-eabi/4.5.1/../../../../arm-none-eabi/lib/thumb2\libcr_c.a(_ldexpl.o)
 .comment       0x00000000       0x2b e:/faku/sistemas_embebidos/software/nxp/lpcxpresso_4.3.0_1023/lpcxpresso/tools/bin/../lib/gcc/arm-none-eabi/4.5.1/../../../../arm-none-eabi/lib/thumb2\libcr_c.a(_writebuf.o)
 .comment       0x00000000       0x2b e:/faku/sistemas_embebidos/software/nxp/lpcxpresso_4.3.0_1023/lpcxpresso/tools/bin/../lib/gcc/arm-none-eabi/4.5.1/../../../../arm-none-eabi/lib/thumb2\libcr_c.a(alloc.o)
 .comment       0x00000000       0x2b e:/faku/sistemas_embebidos/software/nxp/lpcxpresso_4.3.0_1023/lpcxpresso/tools/bin/../lib/gcc/arm-none-eabi/4.5.1/../../../../arm-none-eabi/lib/thumb2\libcr_c.a(ctype.o)
 .comment       0x00000000       0x2b e:/faku/sistemas_embebidos/software/nxp/lpcxpresso_4.3.0_1023/lpcxpresso/tools/bin/../lib/gcc/arm-none-eabi/4.5.1/../../../../arm-none-eabi/lib/thumb2\libcr_c.a(errno.o)
 .comment       0x00000000       0x2b e:/faku/sistemas_embebidos/software/nxp/lpcxpresso_4.3.0_1023/lpcxpresso/tools/bin/../lib/gcc/arm-none-eabi/4.5.1/../../../../arm-none-eabi/lib/thumb2\libcr_c.a(fclose.o)
 .comment       0x00000000       0x2b e:/faku/sistemas_embebidos/software/nxp/lpcxpresso_4.3.0_1023/lpcxpresso/tools/bin/../lib/gcc/arm-none-eabi/4.5.1/../../../../arm-none-eabi/lib/thumb2\libcr_c.a(fflush.o)
 .comment       0x00000000       0x2b e:/faku/sistemas_embebidos/software/nxp/lpcxpresso_4.3.0_1023/lpcxpresso/tools/bin/../lib/gcc/arm-none-eabi/4.5.1/../../../../arm-none-eabi/lib/thumb2\libcr_c.a(fseek.o)
 .comment       0x00000000       0x2b e:/faku/sistemas_embebidos/software/nxp/lpcxpresso_4.3.0_1023/lpcxpresso/tools/bin/../lib/gcc/arm-none-eabi/4.5.1/../../../../arm-none-eabi/lib/thumb2\libcr_c.a(ftell.o)
 .comment       0x00000000       0x2b e:/faku/sistemas_embebidos/software/nxp/lpcxpresso_4.3.0_1023/lpcxpresso/tools/bin/../lib/gcc/arm-none-eabi/4.5.1/../../../../arm-none-eabi/lib/thumb2\libcr_c.a(remove.o)
 .comment       0x00000000       0x2b e:/faku/sistemas_embebidos/software/nxp/lpcxpresso_4.3.0_1023/lpcxpresso/tools/bin/../lib/gcc/arm-none-eabi/4.5.1/../../../../arm-none-eabi/lib/thumb2\libcr_c.a(__init_alloc.o)
 .comment       0x00000000       0x2b e:/faku/sistemas_embebidos/software/nxp/lpcxpresso_4.3.0_1023/lpcxpresso/tools/bin/../lib/gcc/arm-none-eabi/4.5.1/../../../../arm-none-eabi/lib/thumb2\libcr_c.a(_do_fflush.o)
 .comment       0x00000000       0x2b e:/faku/sistemas_embebidos/software/nxp/lpcxpresso_4.3.0_1023/lpcxpresso/tools/bin/../lib/gcc/arm-none-eabi/4.5.1/../../../../arm-none-eabi/lib/thumb2\libcr_c.a(_hugeval.o)
 .comment       0x00000000       0x2b e:/faku/sistemas_embebidos/software/nxp/lpcxpresso_4.3.0_1023/lpcxpresso/tools/bin/../lib/gcc/arm-none-eabi/4.5.1/thumb2\libcr_eabihelpers.a(double.o)
 .comment       0x00000055       0x2b e:/faku/sistemas_embebidos/software/nxp/lpcxpresso_4.3.0_1023/lpcxpresso/tools/bin/../lib/gcc/arm-none-eabi/4.5.1/../../../../arm-none-eabi/lib/thumb2\libcr_nohost.a(__sys_appexit.o)
 .comment       0x00000080       0x2b e:/faku/sistemas_embebidos/software/nxp/lpcxpresso_4.3.0_1023/lpcxpresso/tools/bin/../lib/gcc/arm-none-eabi/4.5.1/../../../../arm-none-eabi/lib/thumb2\libcr_nohost.a(__sys_close.o)
 .comment       0x000000ab       0x2b e:/faku/sistemas_embebidos/software/nxp/lpcxpresso_4.3.0_1023/lpcxpresso/tools/bin/../lib/gcc/arm-none-eabi/4.5.1/../../../../arm-none-eabi/lib/thumb2\libcr_nohost.a(__sys_flen.o)
 .comment       0x000000d6       0x2b e:/faku/sistemas_embebidos/software/nxp/lpcxpresso_4.3.0_1023/lpcxpresso/tools/bin/../lib/gcc/arm-none-eabi/4.5.1/../../../../arm-none-eabi/lib/thumb2\libcr_nohost.a(__sys_istty.o)
 .comment       0x00000101       0x2b e:/faku/sistemas_embebidos/software/nxp/lpcxpresso_4.3.0_1023/lpcxpresso/tools/bin/../lib/gcc/arm-none-eabi/4.5.1/../../../../arm-none-eabi/lib/thumb2\libcr_nohost.a(__sys_read.o)
 .comment       0x0000012c       0x2b e:/faku/sistemas_embebidos/software/nxp/lpcxpresso_4.3.0_1023/lpcxpresso/tools/bin/../lib/gcc/arm-none-eabi/4.5.1/../../../../arm-none-eabi/lib/thumb2\libcr_nohost.a(__sys_readc.o)
 .comment       0x00000157       0x2b e:/faku/sistemas_embebidos/software/nxp/lpcxpresso_4.3.0_1023/lpcxpresso/tools/bin/../lib/gcc/arm-none-eabi/4.5.1/../../../../arm-none-eabi/lib/thumb2\libcr_nohost.a(__sys_remove.o)
 .comment       0x00000182       0x2b e:/faku/sistemas_embebidos/software/nxp/lpcxpresso_4.3.0_1023/lpcxpresso/tools/bin/../lib/gcc/arm-none-eabi/4.5.1/../../../../arm-none-eabi/lib/thumb2\libcr_nohost.a(__sys_rename.o)
 .comment       0x000001ad       0x2b e:/faku/sistemas_embebidos/software/nxp/lpcxpresso_4.3.0_1023/lpcxpresso/tools/bin/../lib/gcc/arm-none-eabi/4.5.1/../../../../arm-none-eabi/lib/thumb2\libcr_nohost.a(__sys_seek.o)
 .comment       0x000001d8       0x2b e:/faku/sistemas_embebidos/software/nxp/lpcxpresso_4.3.0_1023/lpcxpresso/tools/bin/../lib/gcc/arm-none-eabi/4.5.1/../../../../arm-none-eabi/lib/thumb2\libcr_nohost.a(__sys_tmpnam.o)
 .comment       0x00000203       0x2b e:/faku/sistemas_embebidos/software/nxp/lpcxpresso_4.3.0_1023/lpcxpresso/tools/bin/../lib/gcc/arm-none-eabi/4.5.1/../../../../arm-none-eabi/lib/thumb2\libcr_nohost.a(__sys_write.o)
 .comment       0x0000022e       0x2b e:/faku/sistemas_embebidos/software/nxp/lpcxpresso_4.3.0_1023/lpcxpresso/tools/bin/../lib/gcc/arm-none-eabi/4.5.1/../../../../arm-none-eabi/lib/thumb2\libcr_nohost.a(_cr_sbrk.o)
 .comment       0x00000259       0x2b e:/faku/sistemas_embebidos/software/nxp/lpcxpresso_4.3.0_1023/lpcxpresso/tools/bin/../lib/gcc/arm-none-eabi/4.5.1/../../../../arm-none-eabi/lib/thumb2\libcr_nohost.a(_cr_check_heap.o)

.ARM.attributes
                0x00000000       0x2f
 .ARM.attributes
                0x00000000       0x31 ./uip/psock.o
 .ARM.attributes
                0x00000031       0x31 ./uip/timer.o
 .ARM.attributes
                0x00000062       0x31 ./uip/uip-fw.o
 .ARM.attributes
                0x00000093       0x31 ./uip/uip-neighbor.o
 .ARM.attributes
                0x000000c4       0x31 ./uip/uip-split.o
 .ARM.attributes
                0x000000f5       0x31 ./uip/uip.o
 .ARM.attributes
                0x00000126       0x31 ./uip/uip_arp.o
 .ARM.attributes
                0x00000157       0x31 ./uip/uiplib.o
 .ARM.attributes
                0x00000188       0x31 ./src/cr_startup_lpc176x.o
 .ARM.attributes
                0x000001b9       0x31 ./main/clock-arch.o
 .ARM.attributes
                0x000001ea       0x31 ./main/main.o
 .ARM.attributes
                0x0000021b       0x31 ./main/tapdev.o
 .ARM.attributes
                0x0000024c       0x31 ./main/lpc1700/lpc17xx_emac.o
 .ARM.attributes
                0x0000027d       0x31 ./main/lpc1700/lpc17xx_systick.o
 .ARM.attributes
                0x000002ae       0x31 ./apps/webserver/http-strings.o
 .ARM.attributes
                0x000002df       0x31 ./apps/webserver/httpd-cgi.o
 .ARM.attributes
                0x00000310       0x31 ./apps/webserver/httpd-fs.o
 .ARM.attributes
                0x00000341       0x31 ./apps/webserver/httpd.o
 .ARM.attributes
                0x00000372       0x31 E:\FAKU\Sistemas_Embebidos\WORKSPACES\CAPEAR_2\CMSISv2p00_LPC17xx\Debug\libCMSISv2p00_LPC17xx.a(system_LPC17xx.o)
 .ARM.attributes
                0x000003a3       0x31 e:/faku/sistemas_embebidos/software/nxp/lpcxpresso_4.3.0_1023/lpcxpresso/tools/bin/../lib/gcc/arm-none-eabi/4.5.1/../../../../arm-none-eabi/lib/thumb2\libcr_nohost.a(_cr__main.o)
 .ARM.attributes
                0x000003d4       0x31 e:/faku/sistemas_embebidos/software/nxp/lpcxpresso_4.3.0_1023/lpcxpresso/tools/bin/../lib/gcc/arm-none-eabi/4.5.1/../../../../arm-none-eabi/lib/thumb2\libcr_c.a(fpprintf.o)
 .ARM.attributes
                0x00000405       0x31 e:/faku/sistemas_embebidos/software/nxp/lpcxpresso_4.3.0_1023/lpcxpresso/tools/bin/../lib/gcc/arm-none-eabi/4.5.1/../../../../arm-none-eabi/lib/thumb2\libcr_c.a(initio.o)
 .ARM.attributes
                0x00000436       0x31 e:/faku/sistemas_embebidos/software/nxp/lpcxpresso_4.3.0_1023/lpcxpresso/tools/bin/../lib/gcc/arm-none-eabi/4.5.1/../../../../arm-none-eabi/lib/thumb2\libcr_c.a(printf.o)
 .ARM.attributes
                0x00000467       0x31 e:/faku/sistemas_embebidos/software/nxp/lpcxpresso_4.3.0_1023/lpcxpresso/tools/bin/../lib/gcc/arm-none-eabi/4.5.1/../../../../arm-none-eabi/lib/thumb2\libcr_c.a(setvbuf.o)
 .ARM.attributes
                0x00000498       0x31 e:/faku/sistemas_embebidos/software/nxp/lpcxpresso_4.3.0_1023/lpcxpresso/tools/bin/../lib/gcc/arm-none-eabi/4.5.1/../../../../arm-none-eabi/lib/thumb2\libcr_c.a(stdio.o)
 .ARM.attributes
                0x000004c9       0x31 e:/faku/sistemas_embebidos/software/nxp/lpcxpresso_4.3.0_1023/lpcxpresso/tools/bin/../lib/gcc/arm-none-eabi/4.5.1/../../../../arm-none-eabi/lib/thumb2\libcr_c.a(strchr.o)
 .ARM.attributes
                0x000004fa       0x31 e:/faku/sistemas_embebidos/software/nxp/lpcxpresso_4.3.0_1023/lpcxpresso/tools/bin/../lib/gcc/arm-none-eabi/4.5.1/../../../../arm-none-eabi/lib/thumb2\libcr_c.a(strcpy.o)
 .ARM.attributes
                0x0000052b       0x31 e:/faku/sistemas_embebidos/software/nxp/lpcxpresso_4.3.0_1023/lpcxpresso/tools/bin/../lib/gcc/arm-none-eabi/4.5.1/../../../../arm-none-eabi/lib/thumb2\libcr_c.a(strlen.o)
 .ARM.attributes
                0x0000055c       0x31 e:/faku/sistemas_embebidos/software/nxp/lpcxpresso_4.3.0_1023/lpcxpresso/tools/bin/../lib/gcc/arm-none-eabi/4.5.1/../../../../arm-none-eabi/lib/thumb2\libcr_c.a(strncmp.o)
 .ARM.attributes
                0x0000058d       0x31 e:/faku/sistemas_embebidos/software/nxp/lpcxpresso_4.3.0_1023/lpcxpresso/tools/bin/../lib/gcc/arm-none-eabi/4.5.1/../../../../arm-none-eabi/lib/thumb2\libcr_c.a(strncpy.o)
 .ARM.attributes
                0x000005be       0x31 e:/faku/sistemas_embebidos/software/nxp/lpcxpresso_4.3.0_1023/lpcxpresso/tools/bin/../lib/gcc/arm-none-eabi/4.5.1/../../../../arm-none-eabi/lib/thumb2\libcr_c.a(strrchr.o)
 .ARM.attributes
                0x000005ef       0x31 e:/faku/sistemas_embebidos/software/nxp/lpcxpresso_4.3.0_1023/lpcxpresso/tools/bin/../lib/gcc/arm-none-eabi/4.5.1/../../../../arm-none-eabi/lib/thumb2\libcr_c.a(memcpy.o)
 .ARM.attributes
                0x00000620       0x31 e:/faku/sistemas_embebidos/software/nxp/lpcxpresso_4.3.0_1023/lpcxpresso/tools/bin/../lib/gcc/arm-none-eabi/4.5.1/../../../../arm-none-eabi/lib/thumb2\libcr_c.a(memset.o)
 .ARM.attributes
                0x00000651       0x31 e:/faku/sistemas_embebidos/software/nxp/lpcxpresso_4.3.0_1023/lpcxpresso/tools/bin/../lib/gcc/arm-none-eabi/4.5.1/../../../../arm-none-eabi/lib/thumb2\libcr_c.a(__fillbuf.o)
 .ARM.attributes
                0x00000682       0x31 e:/faku/sistemas_embebidos/software/nxp/lpcxpresso_4.3.0_1023/lpcxpresso/tools/bin/../lib/gcc/arm-none-eabi/4.5.1/../../../../arm-none-eabi/lib/thumb2\libcr_c.a(_deferredlazyseek.o)
 .ARM.attributes
                0x000006b3       0x31 e:/faku/sistemas_embebidos/software/nxp/lpcxpresso_4.3.0_1023/lpcxpresso/tools/bin/../lib/gcc/arm-none-eabi/4.5.1/../../../../arm-none-eabi/lib/thumb2\libcr_c.a(_fdopen.o)
 .ARM.attributes
                0x000006e4       0x31 e:/faku/sistemas_embebidos/software/nxp/lpcxpresso_4.3.0_1023/lpcxpresso/tools/bin/../lib/gcc/arm-none-eabi/4.5.1/../../../../arm-none-eabi/lib/thumb2\libcr_c.a(_fflush.o)
 .ARM.attributes
                0x00000715       0x31 e:/faku/sistemas_embebidos/software/nxp/lpcxpresso_4.3.0_1023/lpcxpresso/tools/bin/../lib/gcc/arm-none-eabi/4.5.1/../../../../arm-none-eabi/lib/thumb2\libcr_c.a(_frexpl.o)
 .ARM.attributes
                0x00000746       0x31 e:/faku/sistemas_embebidos/software/nxp/lpcxpresso_4.3.0_1023/lpcxpresso/tools/bin/../lib/gcc/arm-none-eabi/4.5.1/../../../../arm-none-eabi/lib/thumb2\libcr_c.a(_ldexpl.o)
 .ARM.attributes
                0x00000777       0x31 e:/faku/sistemas_embebidos/software/nxp/lpcxpresso_4.3.0_1023/lpcxpresso/tools/bin/../lib/gcc/arm-none-eabi/4.5.1/../../../../arm-none-eabi/lib/thumb2\libcr_c.a(_writebuf.o)
 .ARM.attributes
                0x000007a8       0x31 e:/faku/sistemas_embebidos/software/nxp/lpcxpresso_4.3.0_1023/lpcxpresso/tools/bin/../lib/gcc/arm-none-eabi/4.5.1/../../../../arm-none-eabi/lib/thumb2\libcr_c.a(alloc.o)
 .ARM.attributes
                0x000007d9       0x31 e:/faku/sistemas_embebidos/software/nxp/lpcxpresso_4.3.0_1023/lpcxpresso/tools/bin/../lib/gcc/arm-none-eabi/4.5.1/../../../../arm-none-eabi/lib/thumb2\libcr_c.a(ctype.o)
 .ARM.attributes
                0x0000080a       0x31 e:/faku/sistemas_embebidos/software/nxp/lpcxpresso_4.3.0_1023/lpcxpresso/tools/bin/../lib/gcc/arm-none-eabi/4.5.1/../../../../arm-none-eabi/lib/thumb2\libcr_c.a(errno.o)
 .ARM.attributes
                0x0000083b       0x31 e:/faku/sistemas_embebidos/software/nxp/lpcxpresso_4.3.0_1023/lpcxpresso/tools/bin/../lib/gcc/arm-none-eabi/4.5.1/../../../../arm-none-eabi/lib/thumb2\libcr_c.a(fclose.o)
 .ARM.attributes
                0x0000086c       0x31 e:/faku/sistemas_embebidos/software/nxp/lpcxpresso_4.3.0_1023/lpcxpresso/tools/bin/../lib/gcc/arm-none-eabi/4.5.1/../../../../arm-none-eabi/lib/thumb2\libcr_c.a(fflush.o)
 .ARM.attributes
                0x0000089d       0x31 e:/faku/sistemas_embebidos/software/nxp/lpcxpresso_4.3.0_1023/lpcxpresso/tools/bin/../lib/gcc/arm-none-eabi/4.5.1/../../../../arm-none-eabi/lib/thumb2\libcr_c.a(fseek.o)
 .ARM.attributes
                0x000008ce       0x31 e:/faku/sistemas_embebidos/software/nxp/lpcxpresso_4.3.0_1023/lpcxpresso/tools/bin/../lib/gcc/arm-none-eabi/4.5.1/../../../../arm-none-eabi/lib/thumb2\libcr_c.a(ftell.o)
 .ARM.attributes
                0x000008ff       0x31 e:/faku/sistemas_embebidos/software/nxp/lpcxpresso_4.3.0_1023/lpcxpresso/tools/bin/../lib/gcc/arm-none-eabi/4.5.1/../../../../arm-none-eabi/lib/thumb2\libcr_c.a(remove.o)
 .ARM.attributes
                0x00000930       0x31 e:/faku/sistemas_embebidos/software/nxp/lpcxpresso_4.3.0_1023/lpcxpresso/tools/bin/../lib/gcc/arm-none-eabi/4.5.1/../../../../arm-none-eabi/lib/thumb2\libcr_c.a(__init_alloc.o)
 .ARM.attributes
                0x00000961       0x31 e:/faku/sistemas_embebidos/software/nxp/lpcxpresso_4.3.0_1023/lpcxpresso/tools/bin/../lib/gcc/arm-none-eabi/4.5.1/../../../../arm-none-eabi/lib/thumb2\libcr_c.a(_do_fflush.o)
 .ARM.attributes
                0x00000992       0x31 e:/faku/sistemas_embebidos/software/nxp/lpcxpresso_4.3.0_1023/lpcxpresso/tools/bin/../lib/gcc/arm-none-eabi/4.5.1/../../../../arm-none-eabi/lib/thumb2\libcr_c.a(_hugeval.o)
 .ARM.attributes
                0x000009c3       0x21 e:/faku/sistemas_embebidos/software/nxp/lpcxpresso_4.3.0_1023/lpcxpresso/tools/bin/../lib/gcc/arm-none-eabi/4.5.1/thumb2\libcr_eabihelpers.a(division.o)
 .ARM.attributes
                0x000009e4       0x31 e:/faku/sistemas_embebidos/software/nxp/lpcxpresso_4.3.0_1023/lpcxpresso/tools/bin/../lib/gcc/arm-none-eabi/4.5.1/thumb2\libcr_eabihelpers.a(double.o)
 .ARM.attributes
                0x00000a15       0x21 e:/faku/sistemas_embebidos/software/nxp/lpcxpresso_4.3.0_1023/lpcxpresso/tools/bin/../lib/gcc/arm-none-eabi/4.5.1/thumb2\libcr_eabihelpers.a(memcpy.o)
 .ARM.attributes
                0x00000a36       0x31 e:/faku/sistemas_embebidos/software/nxp/lpcxpresso_4.3.0_1023/lpcxpresso/tools/bin/../lib/gcc/arm-none-eabi/4.5.1/../../../../arm-none-eabi/lib/thumb2\libcr_nohost.a(__sys_appexit.o)
 .ARM.attributes
                0x00000a67       0x31 e:/faku/sistemas_embebidos/software/nxp/lpcxpresso_4.3.0_1023/lpcxpresso/tools/bin/../lib/gcc/arm-none-eabi/4.5.1/../../../../arm-none-eabi/lib/thumb2\libcr_nohost.a(__sys_close.o)
 .ARM.attributes
                0x00000a98       0x31 e:/faku/sistemas_embebidos/software/nxp/lpcxpresso_4.3.0_1023/lpcxpresso/tools/bin/../lib/gcc/arm-none-eabi/4.5.1/../../../../arm-none-eabi/lib/thumb2\libcr_nohost.a(__sys_flen.o)
 .ARM.attributes
                0x00000ac9       0x31 e:/faku/sistemas_embebidos/software/nxp/lpcxpresso_4.3.0_1023/lpcxpresso/tools/bin/../lib/gcc/arm-none-eabi/4.5.1/../../../../arm-none-eabi/lib/thumb2\libcr_nohost.a(__sys_istty.o)
 .ARM.attributes
                0x00000afa       0x31 e:/faku/sistemas_embebidos/software/nxp/lpcxpresso_4.3.0_1023/lpcxpresso/tools/bin/../lib/gcc/arm-none-eabi/4.5.1/../../../../arm-none-eabi/lib/thumb2\libcr_nohost.a(__sys_read.o)
 .ARM.attributes
                0x00000b2b       0x31 e:/faku/sistemas_embebidos/software/nxp/lpcxpresso_4.3.0_1023/lpcxpresso/tools/bin/../lib/gcc/arm-none-eabi/4.5.1/../../../../arm-none-eabi/lib/thumb2\libcr_nohost.a(__sys_readc.o)
 .ARM.attributes
                0x00000b5c       0x31 e:/faku/sistemas_embebidos/software/nxp/lpcxpresso_4.3.0_1023/lpcxpresso/tools/bin/../lib/gcc/arm-none-eabi/4.5.1/../../../../arm-none-eabi/lib/thumb2\libcr_nohost.a(__sys_remove.o)
 .ARM.attributes
                0x00000b8d       0x31 e:/faku/sistemas_embebidos/software/nxp/lpcxpresso_4.3.0_1023/lpcxpresso/tools/bin/../lib/gcc/arm-none-eabi/4.5.1/../../../../arm-none-eabi/lib/thumb2\libcr_nohost.a(__sys_rename.o)
 .ARM.attributes
                0x00000bbe       0x31 e:/faku/sistemas_embebidos/software/nxp/lpcxpresso_4.3.0_1023/lpcxpresso/tools/bin/../lib/gcc/arm-none-eabi/4.5.1/../../../../arm-none-eabi/lib/thumb2\libcr_nohost.a(__sys_seek.o)
 .ARM.attributes
                0x00000bef       0x31 e:/faku/sistemas_embebidos/software/nxp/lpcxpresso_4.3.0_1023/lpcxpresso/tools/bin/../lib/gcc/arm-none-eabi/4.5.1/../../../../arm-none-eabi/lib/thumb2\libcr_nohost.a(__sys_tmpnam.o)
 .ARM.attributes
                0x00000c20       0x31 e:/faku/sistemas_embebidos/software/nxp/lpcxpresso_4.3.0_1023/lpcxpresso/tools/bin/../lib/gcc/arm-none-eabi/4.5.1/../../../../arm-none-eabi/lib/thumb2\libcr_nohost.a(__sys_write.o)
 .ARM.attributes
                0x00000c51       0x31 e:/faku/sistemas_embebidos/software/nxp/lpcxpresso_4.3.0_1023/lpcxpresso/tools/bin/../lib/gcc/arm-none-eabi/4.5.1/../../../../arm-none-eabi/lib/thumb2\libcr_nohost.a(_cr_sbrk.o)
 .ARM.attributes
                0x00000c82       0x31 e:/faku/sistemas_embebidos/software/nxp/lpcxpresso_4.3.0_1023/lpcxpresso/tools/bin/../lib/gcc/arm-none-eabi/4.5.1/../../../../arm-none-eabi/lib/thumb2\libcr_nohost.a(_cr_check_heap.o)

.debug_frame    0x00000000     0x12d4
 .debug_frame   0x00000000      0x184 ./uip/psock.o
 .debug_frame   0x00000184       0x8c ./uip/timer.o
 .debug_frame   0x00000210      0x138 ./uip/uip-fw.o
 .debug_frame   0x00000348       0xc4 ./uip/uip-neighbor.o
 .debug_frame   0x0000040c       0x30 ./uip/uip-split.o
 .debug_frame   0x0000043c      0x20c ./uip/uip.o
 .debug_frame   0x00000648       0xa8 ./uip/uip_arp.o
 .debug_frame   0x000006f0       0x2c ./uip/uiplib.o
 .debug_frame   0x0000071c      0x158 ./src/cr_startup_lpc176x.o
 .debug_frame   0x00000874       0x44 ./main/clock-arch.o
 .debug_frame   0x000008b8       0x6c ./main/main.o
 .debug_frame   0x00000924       0x6c ./main/tapdev.o
 .debug_frame   0x00000990       0xe0 ./main/lpc1700/lpc17xx_emac.o
 .debug_frame   0x00000a70       0x84 ./main/lpc1700/lpc17xx_systick.o
 .debug_frame   0x00000af4      0x5b0 ./apps/webserver/httpd-cgi.o
 .debug_frame   0x000010a4       0x88 ./apps/webserver/httpd-fs.o
 .debug_frame   0x0000112c      0x16c ./apps/webserver/httpd.o
 .debug_frame   0x00001298       0x3c E:\FAKU\Sistemas_Embebidos\WORKSPACES\CAPEAR_2\CMSISv2p00_LPC17xx\Debug\libCMSISv2p00_LPC17xx.a(system_LPC17xx.o)
