
**** Build of configuration Debug for project CAPEAR ****

make all 
Building file: ../src/capear_funciones.c
Invoking: MCU C Compiler
arm-none-eabi-gcc -D__REDLIB__ -DDEBUG -D__CODE_RED -D__USE_CMSIS=CMSISv2p00_LPC17xx -I"E:\FAKU\Sistemas_Embebidos\WORKSPACES\CAPEAR_2\RDB1768cmsis2_uIP\apps\webserver" -I"E:\FAKU\Sistemas_Embebidos\WORKSPACES\CAPEAR_2\RDB1768cmsis2_uIP\main" -I"E:\FAKU\Sistemas_Embebidos\WORKSPACES\CAPEAR_2\CAPEAR" -I"E:\FAKU\Sistemas_Embebidos\WORKSPACES\CAPEAR_2\CMSISv2p00_LPC17xx\inc" -I"E:\FAKU\Sistemas_Embebidos\WORKSPACES\CAPEAR_2\RDB1768cmsis2_uIP\uip" -O0 -g3 -Wall -c -fmessage-length=0 -fno-builtin -ffunction-sections -fdata-sections -mcpu=cortex-m3 -mthumb -MMD -MP -MF"src/capear_funciones.d" -MT"src/capear_funciones.d" -o"src/capear_funciones.o" "../src/capear_funciones.c"
Finished building: ../src/capear_funciones.c
 
Building file: ../src/cr_startup_lpc176x.c
Invoking: MCU C Compiler
arm-none-eabi-gcc -D__REDLIB__ -DDEBUG -D__CODE_RED -D__USE_CMSIS=CMSISv2p00_LPC17xx -I"E:\FAKU\Sistemas_Embebidos\WORKSPACES\CAPEAR_2\RDB1768cmsis2_uIP\apps\webserver" -I"E:\FAKU\Sistemas_Embebidos\WORKSPACES\CAPEAR_2\RDB1768cmsis2_uIP\main" -I"E:\FAKU\Sistemas_Embebidos\WORKSPACES\CAPEAR_2\CAPEAR" -I"E:\FAKU\Sistemas_Embebidos\WORKSPACES\CAPEAR_2\CMSISv2p00_LPC17xx\inc" -I"E:\FAKU\Sistemas_Embebidos\WORKSPACES\CAPEAR_2\RDB1768cmsis2_uIP\uip" -Os -g3 -Wall -c -fmessage-length=0 -fno-builtin -ffunction-sections -fdata-sections -mcpu=cortex-m3 -mthumb -MMD -MP -MF"src/cr_startup_lpc176x.d" -MT"src/cr_startup_lpc176x.d" -o"src/cr_startup_lpc176x.o" "../src/cr_startup_lpc176x.c"
Finished building: ../src/cr_startup_lpc176x.c
 
Building file: ../src/main.c
Invoking: MCU C Compiler
arm-none-eabi-gcc -D__REDLIB__ -DDEBUG -D__CODE_RED -D__USE_CMSIS=CMSISv2p00_LPC17xx -I"E:\FAKU\Sistemas_Embebidos\WORKSPACES\CAPEAR_2\RDB1768cmsis2_uIP\apps\webserver" -I"E:\FAKU\Sistemas_Embebidos\WORKSPACES\CAPEAR_2\RDB1768cmsis2_uIP\main" -I"E:\FAKU\Sistemas_Embebidos\WORKSPACES\CAPEAR_2\CAPEAR" -I"E:\FAKU\Sistemas_Embebidos\WORKSPACES\CAPEAR_2\CMSISv2p00_LPC17xx\inc" -I"E:\FAKU\Sistemas_Embebidos\WORKSPACES\CAPEAR_2\RDB1768cmsis2_uIP\uip" -O0 -g3 -Wall -c -fmessage-length=0 -fno-builtin -ffunction-sections -fdata-sections -mcpu=cortex-m3 -mthumb -MMD -MP -MF"src/main.d" -MT"src/main.d" -o"src/main.o" "../src/main.c"
Finished building: ../src/main.c
 
Building target: CAPEAR.axf
Invoking: MCU Linker
arm-none-eabi-gcc -nostdlib -L"E:\FAKU\Sistemas_Embebidos\WORKSPACES\CAPEAR_2\CMSISv2p00_LPC17xx\Debug" -Xlinker -Map="CAPEAR.map" -Xlinker --gc-sections -mcpu=cortex-m3 -mthumb -T "CAPEAR_Debug.ld" -o"CAPEAR.axf"  ./src/capear_funciones.o ./src/cr_startup_lpc176x.o ./src/main.o   -lCMSISv2p00_LPC17xx
Finished building target: CAPEAR.axf
 
make --no-print-directory post-build
Performing post-build steps
arm-none-eabi-size "CAPEAR.axf"; # arm-none-eabi-objcopy -O binary "CAPEAR.axf" "CAPEAR.bin" ; checksum -p LPC1769 -d "CAPEAR.bin";
   text	   data	    bss	    dec	    hex	filename
    628	      0	      4	    632	    278	CAPEAR.axf
 
