
**** Build of configuration Debug for project CMSISv2p00_LPC17xx ****

make all 
Building file: ../src/core_cm3.c
Invoking: MCU C Compiler
arm-none-eabi-gcc -D__REDLIB__ -DDEBUG -D__CODE_RED -I../inc -O0 -Os -g3 -Wall -c -fmessage-length=0 -fno-builtin -ffunction-sections -fdata-sections -mcpu=cortex-m3 -mthumb -MMD -MP -MF"src/core_cm3.d" -MT"src/core_cm3.d" -o"src/core_cm3.o" "../src/core_cm3.c"
Finished building: ../src/core_cm3.c
 
Building file: ../src/system_LPC17xx.c
Invoking: MCU C Compiler
arm-none-eabi-gcc -D__REDLIB__ -DDEBUG -D__CODE_RED -I../inc -O0 -Os -g3 -Wall -c -fmessage-length=0 -fno-builtin -ffunction-sections -fdata-sections -mcpu=cortex-m3 -mthumb -MMD -MP -MF"src/system_LPC17xx.d" -MT"src/system_LPC17xx.d" -o"src/system_LPC17xx.o" "../src/system_LPC17xx.c"
Finished building: ../src/system_LPC17xx.c
 
Building target: libCMSISv2p00_LPC17xx.a
Invoking: MCU Archiver
arm-none-eabi-ar -r "libCMSISv2p00_LPC17xx.a"  ./src/core_cm3.o ./src/system_LPC17xx.o   
e:\FAKU\Sistemas_Embebidos\Software\nxp\LPCXpresso_4.3.0_1023\lpcxpresso\tools\bin\arm-none-eabi-ar.exe: creating libCMSISv2p00_LPC17xx.a
Finished building target: libCMSISv2p00_LPC17xx.a
 
make --no-print-directory post-build
Performing post-build steps
arm-none-eabi-size libCMSISv2p00_LPC17xx.a ; # arm-none-eabi-objdump -h -S libCMSISv2p00_LPC17xx.a >libCMSISv2p00_LPC17xx.lss
   text	   data	    bss	    dec	    hex	filename
      0	      0	      0	      0	      0	core_cm3.o (ex libCMSISv2p00_LPC17xx.a)
    468	      4	      0	    472	    1d8	system_LPC17xx.o (ex libCMSISv2p00_LPC17xx.a)
 
